Archive member included to satisfy reference by file (symbol)

/usr/lib/gcc/arm-none-eabi/9.2.1/../../../arm-none-eabi/lib/thumb/v7e-m+fp/hard/libc_nano.a(lib_a-atexit.o)
                              /usr/lib/gcc/arm-none-eabi/9.2.1/../../../arm-none-eabi/lib/thumb/v7e-m+fp/hard/crt0.o (atexit)
/usr/lib/gcc/arm-none-eabi/9.2.1/../../../arm-none-eabi/lib/thumb/v7e-m+fp/hard/libc_nano.a(lib_a-atof.o)
                              build/fsm.o (atof)
/usr/lib/gcc/arm-none-eabi/9.2.1/../../../arm-none-eabi/lib/thumb/v7e-m+fp/hard/libc_nano.a(lib_a-atoi.o)
                              build/fsm.o (atoi)
/usr/lib/gcc/arm-none-eabi/9.2.1/../../../arm-none-eabi/lib/thumb/v7e-m+fp/hard/libc_nano.a(lib_a-errno.o)
                              build/syscalls.o (__errno)
/usr/lib/gcc/arm-none-eabi/9.2.1/../../../arm-none-eabi/lib/thumb/v7e-m+fp/hard/libc_nano.a(lib_a-exit.o)
                              /usr/lib/gcc/arm-none-eabi/9.2.1/../../../arm-none-eabi/lib/thumb/v7e-m+fp/hard/crt0.o (exit)
/usr/lib/gcc/arm-none-eabi/9.2.1/../../../arm-none-eabi/lib/thumb/v7e-m+fp/hard/libc_nano.a(lib_a-fini.o)
                              /usr/lib/gcc/arm-none-eabi/9.2.1/../../../arm-none-eabi/lib/thumb/v7e-m+fp/hard/crt0.o (__libc_fini_array)
/usr/lib/gcc/arm-none-eabi/9.2.1/../../../arm-none-eabi/lib/thumb/v7e-m+fp/hard/libc_nano.a(lib_a-impure.o)
                              /usr/lib/gcc/arm-none-eabi/9.2.1/../../../arm-none-eabi/lib/thumb/v7e-m+fp/hard/libc_nano.a(lib_a-exit.o) (_global_impure_ptr)
/usr/lib/gcc/arm-none-eabi/9.2.1/../../../arm-none-eabi/lib/thumb/v7e-m+fp/hard/libc_nano.a(lib_a-init.o)
                              /usr/lib/gcc/arm-none-eabi/9.2.1/../../../arm-none-eabi/lib/thumb/v7e-m+fp/hard/crt0.o (__libc_init_array)
/usr/lib/gcc/arm-none-eabi/9.2.1/../../../arm-none-eabi/lib/thumb/v7e-m+fp/hard/libc_nano.a(lib_a-memcpy.o)
                              build/fsm.o (memcpy)
/usr/lib/gcc/arm-none-eabi/9.2.1/../../../arm-none-eabi/lib/thumb/v7e-m+fp/hard/libc_nano.a(lib_a-memset.o)
                              /usr/lib/gcc/arm-none-eabi/9.2.1/../../../arm-none-eabi/lib/thumb/v7e-m+fp/hard/crt0.o (memset)
/usr/lib/gcc/arm-none-eabi/9.2.1/../../../arm-none-eabi/lib/thumb/v7e-m+fp/hard/libc_nano.a(lib_a-printf.o)
                              build/calibration.o (printf)
/usr/lib/gcc/arm-none-eabi/9.2.1/../../../arm-none-eabi/lib/thumb/v7e-m+fp/hard/libc_nano.a(lib_a-puts.o)
                              build/calibration.o (puts)
/usr/lib/gcc/arm-none-eabi/9.2.1/../../../arm-none-eabi/lib/thumb/v7e-m+fp/hard/libc_nano.a(lib_a-strtod.o)
                              /usr/lib/gcc/arm-none-eabi/9.2.1/../../../arm-none-eabi/lib/thumb/v7e-m+fp/hard/libc_nano.a(lib_a-atof.o) (strtod)
/usr/lib/gcc/arm-none-eabi/9.2.1/../../../arm-none-eabi/lib/thumb/v7e-m+fp/hard/libc_nano.a(lib_a-strtol.o)
                              /usr/lib/gcc/arm-none-eabi/9.2.1/../../../arm-none-eabi/lib/thumb/v7e-m+fp/hard/libc_nano.a(lib_a-atoi.o) (_strtol_r)
/usr/lib/gcc/arm-none-eabi/9.2.1/../../../arm-none-eabi/lib/thumb/v7e-m+fp/hard/libc_nano.a(lib_a-wbuf.o)
                              /usr/lib/gcc/arm-none-eabi/9.2.1/../../../arm-none-eabi/lib/thumb/v7e-m+fp/hard/libc_nano.a(lib_a-puts.o) (__swbuf_r)
/usr/lib/gcc/arm-none-eabi/9.2.1/../../../arm-none-eabi/lib/thumb/v7e-m+fp/hard/libc_nano.a(lib_a-wsetup.o)
                              /usr/lib/gcc/arm-none-eabi/9.2.1/../../../arm-none-eabi/lib/thumb/v7e-m+fp/hard/libc_nano.a(lib_a-puts.o) (__swsetup_r)
/usr/lib/gcc/arm-none-eabi/9.2.1/../../../arm-none-eabi/lib/thumb/v7e-m+fp/hard/libc_nano.a(lib_a-__atexit.o)
                              /usr/lib/gcc/arm-none-eabi/9.2.1/../../../arm-none-eabi/lib/thumb/v7e-m+fp/hard/libc_nano.a(lib_a-atexit.o) (__register_exitproc)
/usr/lib/gcc/arm-none-eabi/9.2.1/../../../arm-none-eabi/lib/thumb/v7e-m+fp/hard/libc_nano.a(lib_a-__call_atexit.o)
                              /usr/lib/gcc/arm-none-eabi/9.2.1/../../../arm-none-eabi/lib/thumb/v7e-m+fp/hard/libc_nano.a(lib_a-__atexit.o) (__call_exitprocs)
/usr/lib/gcc/arm-none-eabi/9.2.1/../../../arm-none-eabi/lib/thumb/v7e-m+fp/hard/libc_nano.a(lib_a-ctype_.o)
                              /usr/lib/gcc/arm-none-eabi/9.2.1/../../../arm-none-eabi/lib/thumb/v7e-m+fp/hard/libc_nano.a(lib_a-strtol.o) (_ctype_)
/usr/lib/gcc/arm-none-eabi/9.2.1/../../../arm-none-eabi/lib/thumb/v7e-m+fp/hard/libc_nano.a(lib_a-fflush.o)
                              /usr/lib/gcc/arm-none-eabi/9.2.1/../../../arm-none-eabi/lib/thumb/v7e-m+fp/hard/libc_nano.a(lib_a-wbuf.o) (_fflush_r)
/usr/lib/gcc/arm-none-eabi/9.2.1/../../../arm-none-eabi/lib/thumb/v7e-m+fp/hard/libc_nano.a(lib_a-findfp.o)
                              /usr/lib/gcc/arm-none-eabi/9.2.1/../../../arm-none-eabi/lib/thumb/v7e-m+fp/hard/libc_nano.a(lib_a-printf.o) (__sinit)
/usr/lib/gcc/arm-none-eabi/9.2.1/../../../arm-none-eabi/lib/thumb/v7e-m+fp/hard/libc_nano.a(lib_a-fwalk.o)
[...]
Memory Configuration

Name             Origin             Length             Attributes
RAM              0x0000000020000000 0x0000000000020000 xrw
FLASH            0x0000000008000000 0x0000000000080000 xr
*default*        0x0000000000000000 0xffffffffffffffff

Linker script and memory map

LOAD /usr/lib/gcc/arm-none-eabi/9.2.1/thumb/v7e-m+fp/hard/crti.o
LOAD /usr/lib/gcc/arm-none-eabi/9.2.1/thumb/v7e-m+fp/hard/crtbegin.o
LOAD /usr/lib/gcc/arm-none-eabi/9.2.1/../../../arm-none-eabi/lib/thumb/v7e-m+fp/hard/crt0.o
LOAD build/adc.o
LOAD build/calibration.o
LOAD build/can.o
LOAD build/drv8323.o
LOAD build/flash_writer.o
LOAD build/foc.o
LOAD build/fsm.o
LOAD build/gpio.o
LOAD build/main.o
LOAD build/math_ops.o
LOAD build/position_sensor.o
LOAD build/preference_writer.o
LOAD build/spi.o
LOAD build/tim.o
LOAD build/usart.o
LOAD build/syscalls.o
LOAD build/sysmem.o
LOAD build/stm32f4xx_flash.o
LOAD build/stm32f4xx_hal_msp.o
LOAD build/stm32f4xx_it.o
LOAD build/system_stm32f4xx.o
LOAD build/stm32f4xx_hal.o
LOAD build/stm32f4xx_hal_adc.o
LOAD build/stm32f4xx_hal_adc_ex.o
LOAD build/stm32f4xx_hal_can.o
LOAD build/stm32f4xx_hal_cortex.o
LOAD build/stm32f4xx_hal_dma.o
LOAD build/stm32f4xx_hal_dma_ex.o
LOAD build/stm32f4xx_hal_exti.o
LOAD build/stm32f4xx_hal_flash.o
LOAD build/stm32f4xx_hal_flash_ex.o
LOAD build/stm32f4xx_hal_flash_ramfunc.o
LOAD build/stm32f4xx_hal_gpio.o
LOAD build/stm32f4xx_hal_pwr.o
LOAD build/stm32f4xx_hal_pwr_ex.o
LOAD build/stm32f4xx_hal_rcc.o
LOAD build/stm32f4xx_hal_rcc_ex.o
LOAD build/stm32f4xx_hal_spi.o
LOAD build/stm32f4xx_hal_tim.o
LOAD build/stm32f4xx_hal_tim_ex.o
LOAD build/stm32f4xx_hal_uart.o
LOAD build/startup_stm32f446retx.o
LOAD /usr/lib/gcc/arm-none-eabi/9.2.1/../../../arm-none-eabi/lib/thumb/v7e-m+fp/hard/libc_nano.a
LOAD /usr/lib/gcc/arm-none-eabi/9.2.1/../../../arm-none-eabi/lib/thumb/v7e-m+fp/hard/libm.a
LOAD /usr/lib/gcc/arm-none-eabi/9.2.1/../../../arm-none-eabi/lib/thumb/v7e-m+fp/hard/libnosys.a
START GROUP
LOAD /usr/lib/gcc/arm-none-eabi/9.2.1/thumb/v7e-m+fp/hard/libgcc.a
LOAD /usr/lib/gcc/arm-none-eabi/9.2.1/../../../arm-none-eabi/lib/thumb/v7e-m+fp/hard/libc_nano.a
END GROUP
START GROUP
LOAD /usr/lib/gcc/arm-none-eabi/9.2.1/thumb/v7e-m+fp/hard/libgcc.a
LOAD /usr/lib/gcc/arm-none-eabi/9.2.1/../../../arm-none-eabi/lib/thumb/v7e-m+fp/hard/libc_nano.a
END GROUP
LOAD /usr/lib/gcc/arm-none-eabi/9.2.1/thumb/v7e-m+fp/hard/crtend.o
LOAD /usr/lib/gcc/arm-none-eabi/9.2.1/thumb/v7e-m+fp/hard/crtn.o
                0x0000000020020000                _estack = (ORIGIN (RAM) + LENGTH (RAM))
                0x0000000000000200                _Min_Heap_Size = 0x200
                0x0000000000000400                _Min_Stack_Size = 0x400

.isr_vector     0x0000000008000000      0x1c4
                0x0000000008000000                . = ALIGN (0x4)
 *(.isr_vector)
 .isr_vector    0x0000000008000000      0x1c4 build/startup_stm32f446retx.o
                0x0000000008000000                g_pfnVectors
                0x00000000080001c4                . = ALIGN (0x4)

.text           0x0000000008000200     0xbdc0
                0x0000000008000200                . = ALIGN (0x4)
 *(.text)
 .text          0x0000000008000200       0x88 /usr/lib/gcc/arm-none-eabi/9.2.1/thumb/v7e-m+fp/hard/crtbegin.o
 .text          0x0000000008000288        0x8 /usr/lib/gcc/arm-none-eabi/9.2.1/../../../arm-none-eabi/lib/thumb/v7e-m+fp/hard/libc_nano.a(lib_a-atof.o)
                0x0000000008000288                atof
 .text          0x0000000008000290       0x10 /usr/lib/gcc/arm-none-eabi/9.2.1/../../../arm-none-eabi/lib/thumb/v7e-m+fp/hard/libc_nano.a(lib_a-atoi.o)
                0x0000000008000290                atoi
                0x0000000008000298                _atoi_r
 .text          0x00000000080002a0        0xc /usr/lib/gcc/arm-none-eabi/9.2.1/../../../arm-none-eabi/lib/thumb/v7e-m+fp/hard/libc_nano.a(lib_a-errno.o)
                0x00000000080002a0                __errno
 .text          0x00000000080002ac       0x48 /usr/lib/gcc/arm-none-eabi/9.2.1/../../../arm-none-eabi/lib/thumb/v7e-m+fp/hard/libc_nano.a(lib_a-init.o)
                0x00000000080002ac                __libc_init_array
 .text          0x00000000080002f4      0x134 /usr/lib/gcc/arm-none-eabi/9.2.1/../../../arm-none-eabi/lib/thumb/v7e-m+fp/hard/libc_nano.a(lib_a-memcpy.o)
                0x00000000080002f4                memcpy
 .text          0x0000000008000428       0xa0 /usr/lib/gcc/arm-none-eabi/9.2.1/../../../arm-none-eabi/lib/thumb/v7e-m+fp/hard/libc_nano.a(lib_a-memset.o)
                0x0000000008000428                memset
 .text          0x00000000080004c8       0x68 /usr/lib/gcc/arm-none-eabi/9.2.1/../../../arm-none-eabi/lib/thumb/v7e-m+fp/hard/libc_nano.a(lib_a-printf.o)
                0x00000000080004c8                _printf_r
                0x00000000080004c8                _iprintf_r
                0x00000000080004f8                printf
                0x00000000080004f8                iprintf
 .text          0x0000000008000530       0xe8 /usr/lib/gcc/arm-none-eabi/9.2.1/../../../arm-none-eabi/lib/thumb/v7e-m+fp/hard/libc_nano.a(lib_a-puts.o)
                0x0000000008000530                _puts_r
                0x0000000008000608                puts
 .text          0x0000000008000618     0x111c /usr/lib/gcc/arm-none-eabi/9.2.1/../../../arm-none-eabi/lib/thumb/v7e-m+fp/hard/libc_nano.a(lib_a-strtod.o)
                0x0000000008000650                _strtod_l
                0x0000000008001588                _strtod_r
                0x0000000008001594                strtod_l
                0x00000000080015ac                strtod
                0x00000000080015c8                strtof_l
                0x000000000800167c                strtof
 .text          0x0000000008001734      0x168 /usr/lib/gcc/arm-none-eabi/9.2.1/../../../arm-none-eabi/lib/thumb/v7e-m+fp/hard/libc_nano.a(lib_a-strtol.o)
                0x0000000008001868                _strtol_r
                0x000000000800186c                strtol_l
                0x0000000008001884                strtol
 .text          0x000000000800189c       0xc0 /usr/lib/gcc/arm-none-eabi/9.2.1/../../../arm-none-eabi/lib/thumb/v7e-m+fp/hard/libc_nano.a(lib_a-wbuf.o)
                0x000000000800189c                __swbuf_r
                0x000000000800194c                __swbuf
 .text          0x000000000800195c      0x100 /usr/lib/gcc/arm-none-eabi/9.2.1/../../../arm-none-eabi/lib/thumb/v7e-m+fp/hard/libc_nano.a(lib_a-wsetup.o)
                0x000000000800195c                __swsetup_r
 .text          0x0000000008001a5c      0x1b0 /usr/lib/gcc/arm-none-eabi/9.2.1/../../../arm-none-eabi/lib/thumb/v7e-m+fp/hard/libc_nano.a(lib_a-fflush.o)
                0x0000000008001a5c                __sflush_r
                0x0000000008001b88                _fflush_r
                0x0000000008001be8                fflush
 .text          0x0000000008001c0c      0x210 /usr/lib/gcc/arm-none-eabi/9.2.1/../../../arm-none-eabi/lib/thumb/v7e-m+fp/hard/libc_nano.a(lib_a-findfp.o)
                0x0000000008001c10                _cleanup_r
                0x0000000008001c20                __sfmoreglue
                0x0000000008001c50                __sfp
                0x0000000008001dc8                _cleanup
                0x0000000008001ddc                __sinit
                0x0000000008001de4                __sfp_lock_acquire
                0x0000000008001de8                __sfp_lock_release
                0x0000000008001dec                __sinit_lock_acquire
                0x0000000008001df0                __sinit_lock_release
                0x0000000008001df4                __fp_lock_all
                0x0000000008001e08                __fp_unlock_all
 .text          0x0000000008001e1c       0xa0 /usr/lib/gcc/arm-none-eabi/9.2.1/../../../arm-none-eabi/lib/thumb/v7e-m+fp/hard/libc_nano.a(lib_a-fwalk.o)
                0x0000000008001e1c                _fwalk
                0x0000000008001e68                _fwalk_reent
 .text          0x0000000008001ebc      0x600 /usr/lib/gcc/arm-none-eabi/9.2.1/../../../arm-none-eabi/lib/thumb/v7e-m+fp/hard/libc_nano.a(lib_a-gdtoa-gethex.o)
                0x0000000008001f5c                __gethex
 .text          0x00000000080024bc      0x1cc /usr/lib/gcc/arm-none-eabi/9.2.1/../../../arm-none-eabi/lib/thumb/v7e-m+fp/hard/libc_nano.a(lib_a-gdtoa-hexnan.o)
                0x00000000080024bc                __match
                0x00000000080024ec                __hexnan
 .text          0x0000000008002688       0xf0 /usr/lib/gcc/arm-none-eabi/9.2.1/../../../arm-none-eabi/lib/thumb/v7e-m+fp/hard/libc_nano.a(lib_a-makebuf.o)
                0x0000000008002688                __swhatbuf_r
                0x00000000080026e4                __smakebuf_r
 .text          0x0000000008002778       0x40 /usr/lib/gcc/arm-none-eabi/9.2.1/../../../arm-none-eabi/lib/thumb/v7e-m+fp/hard/libc_nano.a(lib_a-mbtowc_r.o)
                0x0000000008002778                _mbtowc_r
                0x000000000800278c                __ascii_mbtowc
 .text          0x00000000080027b8      0xa38 /usr/lib/gcc/arm-none-eabi/9.2.1/../../../arm-none-eabi/lib/thumb/v7e-m+fp/hard/libc_nano.a(lib_a-mprec.o)
                0x00000000080027b8                _Balloc
                0x0000000008002838                _Bfree
                0x0000000008002884                __multadd
                0x0000000008002924                __s2b
                0x00000000080029d0                __hi0bits
                0x0000000008002a10                __lo0bits
                0x0000000008002a70                __i2b
                0x0000000008002a9c                __multiply
                0x0000000008002be8                __pow5mult
                0x0000000008002cac                __lshift
                0x0000000008002d74                __mcmp
                0x0000000008002dac                __mdiff
                0x0000000008002ed4                __ulp
                0x0000000008002f24                __b2d
                0x0000000008002fdc                __d2b
                0x00000000080030b0                __ratio
                0x0000000008003110                _mprec_log10
                0x0000000008003150                __copybits
                0x0000000008003198                __any_on
 .text          0x00000000080031f0       0x1c /usr/lib/gcc/arm-none-eabi/9.2.1/../../../arm-none-eabi/lib/thumb/v7e-m+fp/hard/libc_nano.a(lib_a-nano-callocr.o)
                0x00000000080031f0                _calloc_r
 .text          0x000000000800320c       0xac /usr/lib/gcc/arm-none-eabi/9.2.1/../../../arm-none-eabi/lib/thumb/v7e-m+fp/hard/libc_nano.a(lib_a-nano-freer.o)
                0x000000000800320c                _free_r
 .text          0x00000000080032b8       0xc8 /usr/lib/gcc/arm-none-eabi/9.2.1/../../../arm-none-eabi/lib/thumb/v7e-m+fp/hard/libc_nano.a(lib_a-nano-mallocr.o)
                0x00000000080032b8                _malloc_r
 .text          0x0000000008003380      0x364 /usr/lib/gcc/arm-none-eabi/9.2.1/../../../arm-none-eabi/lib/thumb/v7e-m+fp/hard/libc_nano.a(lib_a-nano-vfprintf.o)
                0x00000000080033bc                __sfputs_r
                0x00000000080033ec                __sprint_r
                0x0000000008003408                _vfiprintf_r
                0x0000000008003408                _vfprintf_r
                0x00000000080036cc                vfiprintf
                0x00000000080036cc                vfprintf
 .text          0x00000000080036e4      0x3c4 /usr/lib/gcc/arm-none-eabi/9.2.1/../../../arm-none-eabi/lib/thumb/v7e-m+fp/hard/libc_nano.a(lib_a-nano-vfprintf_i.o)
                0x00000000080036e4                _printf_common
                0x0000000008003810                _printf_i
 .text          0x0000000008003aa8       0x10 /usr/lib/gcc/arm-none-eabi/9.2.1/../../../arm-none-eabi/lib/thumb/v7e-m+fp/hard/libc_nano.a(lib_a-s_nan.o)
                0x0000000008003aa8                nan
 .text          0x0000000008003ab8       0x24 /usr/lib/gcc/arm-none-eabi/9.2.1/../../../arm-none-eabi/lib/thumb/v7e-m+fp/hard/libc_nano.a(lib_a-sbrkr.o)
                0x0000000008003ab8                _sbrk_r
 .text          0x0000000008003adc        0xc /usr/lib/gcc/arm-none-eabi/9.2.1/../../../arm-none-eabi/lib/thumb/v7e-m+fp/hard/libc_nano.a(lib_a-sf_nan.o)
                0x0000000008003adc                nanf
 .text          0x0000000008003ae8       0x90 /usr/lib/gcc/arm-none-eabi/9.2.1/../../../arm-none-eabi/lib/thumb/v7e-m+fp/hard/libc_nano.a(lib_a-stdio.o)
                0x0000000008003ae8                __sread
                0x0000000008003b0c                __seofread
                0x0000000008003b10                __swrite
                0x0000000008003b50                __sseek
                0x0000000008003b70                __sclose
 *fill*         0x0000000008003b78        0x8 
 .text          0x0000000008003b80       0xdc /usr/lib/gcc/arm-none-eabi/9.2.1/../../../arm-none-eabi/lib/thumb/v7e-m+fp/hard/libc_nano.a(lib_a-strlen.o)
                0x0000000008003b80                strlen
 .text          0x0000000008003c5c       0xa4 /usr/lib/gcc/arm-none-eabi/9.2.1/../../../arm-none-eabi/lib/thumb/v7e-m+fp/hard/libc_nano.a(lib_a-strncmp.o)
                0x0000000008003c5c                strncmp
 .text          0x0000000008003d00       0x30 /usr/lib/gcc/arm-none-eabi/9.2.1/../../../arm-none-eabi/lib/thumb/v7e-m+fp/hard/libc_nano.a(lib_a-wctomb_r.o)
                0x0000000008003d00                _wctomb_r
                0x0000000008003d14                __ascii_wctomb
 .text          0x0000000008003d30       0x2c /usr/lib/gcc/arm-none-eabi/9.2.1/../../../arm-none-eabi/lib/thumb/v7e-m+fp/hard/libc_nano.a(lib_a-writer.o)
                0x0000000008003d30                _write_r
 .text          0x0000000008003d5c       0x48 /usr/lib/gcc/arm-none-eabi/9.2.1/../../../arm-none-eabi/lib/thumb/v7e-m+fp/hard/libc_nano.a(lib_a-assert.o)
                0x0000000008003d5c                __assert_func
                0x0000000008003d98                __assert
 .text          0x0000000008003da4       0x24 /usr/lib/gcc/arm-none-eabi/9.2.1/../../../arm-none-eabi/lib/thumb/v7e-m+fp/hard/libc_nano.a(lib_a-closer.o)
                0x0000000008003da4                _close_r
 .text          0x0000000008003dc8       0x44 /usr/lib/gcc/arm-none-eabi/9.2.1/../../../arm-none-eabi/lib/thumb/v7e-m+fp/hard/libc_nano.a(lib_a-fprintf.o)
                0x0000000008003dc8                _fprintf_r
                0x0000000008003dc8                _fiprintf_r
                0x0000000008003de4                fprintf
                0x0000000008003de4                fiprintf
 .text          0x0000000008003e0c       0x28 /usr/lib/gcc/arm-none-eabi/9.2.1/../../../arm-none-eabi/lib/thumb/v7e-m+fp/hard/libc_nano.a(lib_a-fstatr.o)
                0x0000000008003e0c                _fstat_r
 .text          0x0000000008003e34      0x308 /usr/lib/gcc/arm-none-eabi/9.2.1/../../../arm-none-eabi/lib/thumb/v7e-m+fp/hard/libc_nano.a(lib_a-fvwrite.o)
                0x0000000008003e34                __sfvwrite_r
 .text          0x000000000800413c       0x24 /usr/lib/gcc/arm-none-eabi/9.2.1/../../../arm-none-eabi/lib/thumb/v7e-m+fp/hard/libc_nano.a(lib_a-isattyr.o)
                0x000000000800413c                _isatty_r
 .text          0x0000000008004160       0x2c /usr/lib/gcc/arm-none-eabi/9.2.1/../../../arm-none-eabi/lib/thumb/v7e-m+fp/hard/libc_nano.a(lib_a-lseekr.o)
                0x0000000008004160                _lseek_r
 .text          0x000000000800418c       0x20 /usr/lib/gcc/arm-none-eabi/9.2.1/../../../arm-none-eabi/lib/thumb/v7e-m+fp/hard/libc_nano.a(lib_a-malloc.o)
                0x000000000800418c                malloc
                0x000000000800419c                free
 *fill*         0x00000000080041ac        0x4 
 .text          0x00000000080041b0       0xa0 /usr/lib/gcc/arm-none-eabi/9.2.1/../../../arm-none-eabi/lib/thumb/v7e-m+fp/hard/libc_nano.a(lib_a-memchr.o)
                0x00000000080041b0                memchr
 .text          0x0000000008004250       0xd0 /usr/lib/gcc/arm-none-eabi/9.2.1/../../../arm-none-eabi/lib/thumb/v7e-m+fp/hard/libc_nano.a(lib_a-memmove.o)
                0x0000000008004250                memmove
 .text          0x0000000008004320        0x8 /usr/lib/gcc/arm-none-eabi/9.2.1/../../../arm-none-eabi/lib/thumb/v7e-m+fp/hard/libc_nano.a(lib_a-mlock.o)
                0x0000000008004320                __malloc_lock
                0x0000000008004324                __malloc_unlock
 .text          0x0000000008004328       0x4c /usr/lib/gcc/arm-none-eabi/9.2.1/../../../arm-none-eabi/lib/thumb/v7e-m+fp/hard/libc_nano.a(lib_a-nano-reallocr.o)
                0x0000000008004328                _realloc_r
 .text          0x0000000008004374       0x2c /usr/lib/gcc/arm-none-eabi/9.2.1/../../../arm-none-eabi/lib/thumb/v7e-m+fp/hard/libc_nano.a(lib_a-readr.o)
                0x0000000008004374                _read_r
 .text          0x00000000080043a0       0x10 /usr/lib/gcc/arm-none-eabi/9.2.1/../../../arm-none-eabi/lib/thumb/v7e-m+fp/hard/libc_nano.a(lib_a-abort.o)
                0x00000000080043a0                abort
 .text          0x00000000080043b0       0x10 /usr/lib/gcc/arm-none-eabi/9.2.1/../../../arm-none-eabi/lib/thumb/v7e-m+fp/hard/libc_nano.a(lib_a-nano-msizer.o)
                0x00000000080043b0                _malloc_usable_size_r
 .text          0x00000000080043c0      0x150 /usr/lib/gcc/arm-none-eabi/9.2.1/../../../arm-none-eabi/lib/thumb/v7e-m+fp/hard/libc_nano.a(lib_a-signal.o)
                0x00000000080043e8                _init_signal_r
                0x00000000080043f4                _signal_r
                0x0000000008004428                _raise_r
                0x000000000800447c                __sigtramp_r
                0x00000000080044cc                raise
                0x00000000080044dc                signal
                0x00000000080044ec                _init_signal
                0x0000000008004500                __sigtramp
 .text          0x0000000008004510       0x2c /usr/lib/gcc/arm-none-eabi/9.2.1/../../../arm-none-eabi/lib/thumb/v7e-m+fp/hard/libc_nano.a(lib_a-signalr.o)
                0x0000000008004510                _kill_r
                0x0000000008004538                _getpid_r
 .text          0x000000000800453c       0xa0 /usr/lib/gcc/arm-none-eabi/9.2.1/../../../arm-none-eabi/lib/thumb/v7e-m+fp/hard/libm.a(lib_a-s_round.o)
                0x000000000800453c                round
 .text          0x00000000080045dc       0x3c /usr/lib/gcc/arm-none-eabi/9.2.1/../../../arm-none-eabi/lib/thumb/v7e-m+fp/hard/libm.a(lib_a-sf_fmax.o)
                0x00000000080045dc                fmaxf
 .text          0x0000000008004618       0x3c /usr/lib/gcc/arm-none-eabi/9.2.1/../../../arm-none-eabi/lib/thumb/v7e-m+fp/hard/libm.a(lib_a-sf_fmin.o)
                0x0000000008004618                fminf
 .text          0x0000000008004654       0x38 /usr/lib/gcc/arm-none-eabi/9.2.1/../../../arm-none-eabi/lib/thumb/v7e-m+fp/hard/libm.a(lib_a-sf_fpclassify.o)
                0x0000000008004654                __fpclassifyf
 *fill*         0x000000000800468c        0x4 
 .text          0x0000000008004690       0xa4 /usr/lib/gcc/arm-none-eabi/9.2.1/../../../arm-none-eabi/lib/thumb/v7e-m+fp/hard/libm.a(lib_a-w_exp.o)
                0x0000000008004690                exp
 .text          0x0000000008004734       0x60 /usr/lib/gcc/arm-none-eabi/9.2.1/../../../arm-none-eabi/lib/thumb/v7e-m+fp/hard/libm.a(lib_a-wf_fmod.o)
                0x0000000008004734                fmodf
 .text          0x0000000008004794       0x50 /usr/lib/gcc/arm-none-eabi/9.2.1/../../../arm-none-eabi/lib/thumb/v7e-m+fp/hard/libm.a(lib_a-wf_sqrt.o)
                0x0000000008004794                sqrtf
 *fill*         0x00000000080047e4        0x4 
 .text          0x00000000080047e8      0x38c /usr/lib/gcc/arm-none-eabi/9.2.1/../../../arm-none-eabi/lib/thumb/v7e-m+fp/hard/libm.a(lib_a-e_exp.o)
                0x00000000080047e8                __ieee754_exp
 .text          0x0000000008004b74      0x128 /usr/lib/gcc/arm-none-eabi/9.2.1/../../../arm-none-eabi/lib/thumb/v7e-m+fp/hard/libm.a(lib_a-ef_fmod.o)
                0x0000000008004b74                __ieee754_fmodf
 .text          0x0000000008004c9c        0x8 /usr/lib/gcc/arm-none-eabi/9.2.1/../../../arm-none-eabi/lib/thumb/v7e-m+fp/hard/libm.a(lib_a-ef_sqrt.o)
                0x0000000008004c9c                __ieee754_sqrtf
 .text          0x0000000008004ca4       0x10 /usr/lib/gcc/arm-none-eabi/9.2.1/../../../arm-none-eabi/lib/thumb/v7e-m+fp/hard/libm.a(lib_a-s_finite.o)
                0x0000000008004ca4                finite
 .text          0x0000000008004cb4      0x378 /usr/lib/gcc/arm-none-eabi/9.2.1/thumb/v7e-m+fp/hard/libgcc.a(_arm_addsubdf3.o)
                0x0000000008004cb4                __aeabi_drsub
                0x0000000008004cbc                __aeabi_dsub
                0x0000000008004cbc                __subdf3
                0x0000000008004cc0                __adddf3
                0x0000000008004cc0                __aeabi_dadd
                0x0000000008004f38                __aeabi_ui2d
                0x0000000008004f38                __floatunsidf
                0x0000000008004f58                __floatsidf
                0x0000000008004f58                __aeabi_i2d
                0x0000000008004f7c                __extendsfdf2
                0x0000000008004f7c                __aeabi_f2d
                0x0000000008004fc0                __aeabi_ul2d
                0x0000000008004fc0                __floatundidf
                0x0000000008004fd0                __floatdidf
                0x0000000008004fd0                __aeabi_l2d
 .text          0x000000000800502c      0x424 /usr/lib/gcc/arm-none-eabi/9.2.1/thumb/v7e-m+fp/hard/libgcc.a(_arm_muldivdf3.o)
                0x000000000800502c                __aeabi_dmul
                0x000000000800502c                __muldf3
                0x0000000008005280                __aeabi_ddiv
                0x0000000008005280                __divdf3
 .text          0x0000000008005450      0x110 /usr/lib/gcc/arm-none-eabi/9.2.1/thumb/v7e-m+fp/hard/libgcc.a(_arm_cmpdf2.o)
                0x0000000008005450                __gtdf2
                0x0000000008005450                __gedf2
                0x0000000008005458                __ltdf2
                0x0000000008005458                __ledf2
                0x0000000008005460                __cmpdf2
                0x0000000008005460                __eqdf2
                0x0000000008005460                __nedf2
                0x00000000080054dc                __aeabi_cdrcmple
                0x00000000080054ec                __aeabi_cdcmple
                0x00000000080054ec                __aeabi_cdcmpeq
                0x00000000080054fc                __aeabi_dcmpeq
                0x0000000008005510                __aeabi_dcmplt
                0x0000000008005524                __aeabi_dcmple
                0x0000000008005538                __aeabi_dcmpge
                0x000000000800554c                __aeabi_dcmpgt
 .text          0x0000000008005560       0x2c /usr/lib/gcc/arm-none-eabi/9.2.1/thumb/v7e-m+fp/hard/libgcc.a(_arm_unorddf2.o)
                0x0000000008005560                __aeabi_dcmpun
                0x0000000008005560                __unorddf2
 .text          0x000000000800558c       0x50 /usr/lib/gcc/arm-none-eabi/9.2.1/thumb/v7e-m+fp/hard/libgcc.a(_arm_fixdfsi.o)
                0x000000000800558c                __fixdfsi
                0x000000000800558c                __aeabi_d2iz
 .text          0x00000000080055dc       0x40 /usr/lib/gcc/arm-none-eabi/9.2.1/thumb/v7e-m+fp/hard/libgcc.a(_arm_fixunsdfsi.o)
                0x00000000080055dc                __fixunsdfsi
                0x00000000080055dc                __aeabi_d2uiz
 .text          0x000000000800561c       0xa0 /usr/lib/gcc/arm-none-eabi/9.2.1/thumb/v7e-m+fp/hard/libgcc.a(_arm_truncdfsf2.o)
                0x000000000800561c                __aeabi_d2f
                0x000000000800561c                __truncdfsf2
 .text          0x00000000080056bc       0x30 /usr/lib/gcc/arm-none-eabi/9.2.1/thumb/v7e-m+fp/hard/libgcc.a(_aeabi_uldivmod.o)
                0x00000000080056bc                __aeabi_uldivmod
 .text          0x00000000080056ec       0x30 /usr/lib/gcc/arm-none-eabi/9.2.1/thumb/v7e-m+fp/hard/libgcc.a(_fixdfdi.o)
                0x00000000080056ec                __aeabi_d2lz
                0x00000000080056ec                __fixdfdi
 .text          0x000000000800571c       0x3c /usr/lib/gcc/arm-none-eabi/9.2.1/thumb/v7e-m+fp/hard/libgcc.a(_fixunsdfdi.o)
                0x000000000800571c                __aeabi_d2ulz
                0x000000000800571c                __fixunsdfdi
 .text          0x0000000008005758      0x2c4 /usr/lib/gcc/arm-none-eabi/9.2.1/thumb/v7e-m+fp/hard/libgcc.a(_udivmoddi4.o)
                0x0000000008005758                __udivmoddi4
 .text          0x0000000008005a1c        0x4 /usr/lib/gcc/arm-none-eabi/9.2.1/thumb/v7e-m+fp/hard/libgcc.a(_dvmd_tls.o)
                0x0000000008005a1c                __aeabi_ldiv0
                0x0000000008005a1c                __aeabi_idiv0
 *(.text*)
 .text.MX_ADC1_Init
                0x0000000008005a20       0x90 build/adc.o
                0x0000000008005a20                MX_ADC1_Init
 .text.MX_ADC2_Init
                0x0000000008005ab0       0x68 build/adc.o
                0x0000000008005ab0                MX_ADC2_Init
 .text.MX_ADC3_Init
                0x0000000008005b18       0x64 build/adc.o
                0x0000000008005b18                MX_ADC3_Init
 .text.HAL_ADC_MspInit
                0x0000000008005b7c      0x104 build/adc.o
                0x0000000008005b7c                HAL_ADC_MspInit
 .text.order_phases
                0x0000000008005c80      0x190 build/calibration.o
                0x0000000008005c80                order_phases
 .text.calibrate_encoder
                0x0000000008005e10      0x3e0 build/calibration.o
                0x0000000008005e10                calibrate_encoder
 .text.MX_CAN1_Init
                0x00000000080061f0       0x40 build/can.o
                0x00000000080061f0                MX_CAN1_Init
 .text.HAL_CAN_MspInit
                0x0000000008006230       0x80 build/can.o
                0x0000000008006230                HAL_CAN_MspInit
 .text.can_rx_init
                0x00000000080062b0       0x34 build/can.o
                0x00000000080062b0                can_rx_init
 .text.can_tx_init
                0x00000000080062e4       0x18 build/can.o
                0x00000000080062e4                can_tx_init
 .text.pack_reply
                0x00000000080062fc       0xb0 build/can.o
                0x00000000080062fc                pack_reply
 .text.unpack_cmd
                0x00000000080063ac       0xe8 build/can.o
                0x00000000080063ac                unpack_cmd
 .text.drv_spi_write
                0x0000000008006494       0x4c build/drv8323.o
                0x0000000008006494                drv_spi_write
 .text.drv_read_FSR1
                0x00000000080064e0       0x1a build/drv8323.o
                0x00000000080064e0                drv_read_FSR1
 .text.drv_read_FSR2
                0x00000000080064fa       0x1a build/drv8323.o
                0x00000000080064fa                drv_read_FSR2
 .text.drv_read_register
                0x0000000008006514       0x20 build/drv8323.o
                0x0000000008006514                drv_read_register
 .text.drv_write_register
                0x0000000008006534       0x1a build/drv8323.o
                0x0000000008006534                drv_write_register
 .text.drv_write_DCR
                0x000000000800654e       0x58 build/drv8323.o
                0x000000000800654e                drv_write_DCR
 .text.drv_write_OCPCR
                0x00000000080065a6       0x38 build/drv8323.o
                0x00000000080065a6                drv_write_OCPCR
 .text.drv_write_CSACR
                0x00000000080065de       0x58 build/drv8323.o
                0x00000000080065de                drv_write_CSACR
 .text.drv_enable_gd
                0x0000000008006636       0x28 build/drv8323.o
                0x0000000008006636                drv_enable_gd
 .text.drv_disable_gd
                0x000000000800665e       0x28 build/drv8323.o
                0x000000000800665e                drv_disable_gd
 *fill*         0x0000000008006686        0x2 
 .text.drv_print_faults
                0x0000000008006688      0x1b0 build/drv8323.o
                0x0000000008006688                drv_print_faults
 .text.flash_writer_init
                0x0000000008006838       0x1c build/flash_writer.o
                0x0000000008006838                flash_writer_init
 .text.flash_writer_open
                0x0000000008006854       0x28 build/flash_writer.o
                0x0000000008006854                flash_writer_open
 .text.flash_writer_write_int
                0x000000000800687c       0x1e build/flash_writer.o
                0x000000000800687c                flash_writer_write_int
 .text.flash_writer_write_float
                0x000000000800689a       0x20 build/flash_writer.o
                0x000000000800689a                flash_writer_write_float
 .text.flash_writer_close
                0x00000000080068ba        0xe build/flash_writer.o
                0x00000000080068ba                flash_writer_close
 .text.flash_read_int
                0x00000000080068c8       0x20 build/flash_writer.o
                0x00000000080068c8                flash_read_int
 .text.flash_read_float
                0x00000000080068e8       0x24 build/flash_writer.o
                0x00000000080068e8                flash_read_float
 .text.set_dtc  0x000000000800690c       0xb0 build/foc.o
                0x000000000800690c                set_dtc
 .text.analog_sample
                0x00000000080069bc       0xb4 build/foc.o
                0x00000000080069bc                analog_sample
 .text.abc      0x0000000008006a70       0x9c build/foc.o
                0x0000000008006a70                abc
 .text.dq0      0x0000000008006b0c       0xac build/foc.o
                0x0000000008006b0c                dq0
 .text.svm      0x0000000008006bb8       0xd8 build/foc.o
                0x0000000008006bb8                svm
 .text.zero_current
                0x0000000008006c90       0x54 build/foc.o
                0x0000000008006c90                zero_current
 .text.init_controller_params
                0x0000000008006ce4      0x11c build/foc.o
                0x0000000008006ce4                init_controller_params
 .text.reset_foc
                0x0000000008006e00       0x70 build/foc.o
                0x0000000008006e00                reset_foc
 .text.field_weaken
                0x0000000008006e70       0xcc build/foc.o
                0x0000000008006e70                field_weaken
 .text.commutate
                0x0000000008006f3c      0x264 build/foc.o
                0x0000000008006f3c                commutate
 .text.torque_control
                0x00000000080071a0       0xb0 build/foc.o
                0x00000000080071a0                torque_control
 .text.zero_commands
                0x0000000008007250       0x1c build/foc.o
                0x0000000008007250                zero_commands
 .text.fsm_exit_state
                0x000000000800726c       0x6c build/fsm.o
                0x000000000800726c                fsm_exit_state
 .text.enter_menu_state
                0x00000000080072d8       0x54 build/fsm.o
                0x00000000080072d8                enter_menu_state
 .text.enter_setup_state
                0x000000000800732c      0x290 build/fsm.o
                0x000000000800732c                enter_setup_state
 .text.fsm_enter_state
                0x00000000080075bc       0x78 build/fsm.o
                0x00000000080075bc                fsm_enter_state
 .text.process_user_input
                0x0000000008007634      0x3f0 build/fsm.o
                0x0000000008007634                process_user_input
 .text.update_fsm
                0x0000000008007a24      0x138 build/fsm.o
                0x0000000008007a24                update_fsm
 .text.run_fsm  0x0000000008007b5c      0x178 build/fsm.o
                0x0000000008007b5c                run_fsm
 .text.MX_GPIO_Init
                0x0000000008007cd4       0xd4 build/gpio.o
                0x0000000008007cd4                MX_GPIO_Init
 .text.SystemClock_Config
                0x0000000008007da8       0x9c build/main.o
                0x0000000008007da8                SystemClock_Config
 .text.main     0x0000000008007e44      0x50c build/main.o
                0x0000000008007e44                main
 .text.Error_Handler
                0x0000000008008350        0x2 build/main.o
                0x0000000008008350                Error_Handler
 .text.fast_fmaxf
                0x0000000008008352       0x18 build/math_ops.o
                0x0000000008008352                fast_fmaxf
 .text.fast_fminf
                0x000000000800836a       0x18 build/math_ops.o
                0x000000000800836a                fast_fminf
 .text.fmaxf3   0x0000000008008382       0x32 build/math_ops.o
                0x0000000008008382                fmaxf3
 .text.fminf3   0x00000000080083b4       0x32 build/math_ops.o
                0x00000000080083b4                fminf3
 .text.limit_norm
                0x00000000080083e6       0x56 build/math_ops.o
                0x00000000080083e6                limit_norm
 .text.float_to_uint
                0x000000000800843c       0x28 build/math_ops.o
                0x000000000800843c                float_to_uint
 .text.uint_to_float
                0x0000000008008464       0x28 build/math_ops.o
                0x0000000008008464                uint_to_float
 .text.sin_lut  0x000000000800848c       0x48 build/math_ops.o
                0x000000000800848c                sin_lut
 .text.cos_lut  0x00000000080084d4       0x14 build/math_ops.o
                0x00000000080084d4                cos_lut
 .text.ps_warmup
                0x00000000080084e8       0x58 build/position_sensor.o
                0x00000000080084e8                ps_warmup
 .text.ps_sample
                0x0000000008008540      0x200 build/position_sensor.o
                0x0000000008008540                ps_sample
 .text.ps_print
                0x0000000008008740       0x68 build/position_sensor.o
                0x0000000008008740                ps_print
 .text.preference_writer_init
                0x00000000080087a8        0xe build/preference_writer.o
                0x00000000080087a8                preference_writer_init
 .text.preference_writer_open
                0x00000000080087b6        0xe build/preference_writer.o
                0x00000000080087b6                preference_writer_open
 .text.preference_writer_ready
                0x00000000080087c4        0xe build/preference_writer.o
                0x00000000080087c4                preference_writer_ready
 *fill*         0x00000000080087d2        0x2 
 .text.preference_writer_flush
                0x00000000080087d4       0x54 build/preference_writer.o
                0x00000000080087d4                preference_writer_flush
 .text.preference_writer_load
                0x0000000008008828       0x58 build/preference_writer.o
                0x0000000008008828                preference_writer_load
 .text.preference_writer_close
                0x0000000008008880        0xc build/preference_writer.o
                0x0000000008008880                preference_writer_close
 .text.MX_SPI1_Init
                0x000000000800888c       0x48 build/spi.o
                0x000000000800888c                MX_SPI1_Init
 .text.MX_SPI3_Init
                0x00000000080088d4       0x44 build/spi.o
                0x00000000080088d4                MX_SPI3_Init
 .text.HAL_SPI_MspInit
                0x0000000008008918       0xcc build/spi.o
                0x0000000008008918                HAL_SPI_MspInit
 .text.HAL_TIM_Base_MspInit
                0x00000000080089e4       0x40 build/tim.o
                0x00000000080089e4                HAL_TIM_Base_MspInit
 .text.HAL_TIM_MspPostInit
                0x0000000008008a24       0x60 build/tim.o
                0x0000000008008a24                HAL_TIM_MspPostInit
 .text.MX_TIM1_Init
                0x0000000008008a84      0x114 build/tim.o
                0x0000000008008a84                MX_TIM1_Init
 .text.MX_USART2_UART_Init
                0x0000000008008b98       0x34 build/usart.o
                0x0000000008008b98                MX_USART2_UART_Init
 .text.HAL_UART_MspInit
                0x0000000008008bcc       0x80 build/usart.o
                0x0000000008008bcc                HAL_UART_MspInit
 .text.__io_putchar
                0x0000000008008c4c       0x20 build/usart.o
                0x0000000008008c4c                __io_putchar
 .text.HAL_UART_RxCpltCallback
                0x0000000008008c6c       0x18 build/usart.o
                0x0000000008008c6c                HAL_UART_RxCpltCallback
 .text._getpid  0x0000000008008c84        0x4 build/syscalls.o
                0x0000000008008c84                _getpid
 .text._kill    0x0000000008008c88       0x10 build/syscalls.o
                0x0000000008008c88                _kill
 .text._exit    0x0000000008008c98        0xc build/syscalls.o
                0x0000000008008c98                _exit
 .text._read    0x0000000008008ca4       0x20 build/syscalls.o
                0x0000000008008ca4                _read
 .text._write   0x0000000008008cc4       0x1c build/syscalls.o
                0x0000000008008cc4                _write
 .text._close   0x0000000008008ce0        0x6 build/syscalls.o
                0x0000000008008ce0                _close
 .text._fstat   0x0000000008008ce6        0xa build/syscalls.o
                0x0000000008008ce6                _fstat
 .text._isatty  0x0000000008008cf0        0x4 build/syscalls.o
                0x0000000008008cf0                _isatty
 .text._lseek   0x0000000008008cf4        0x4 build/syscalls.o
                0x0000000008008cf4                _lseek
 .text._sbrk    0x0000000008008cf8       0x3c build/sysmem.o
                0x0000000008008cf8                _sbrk
 .text.FLASH_Unlock
                0x0000000008008d34       0x20 build/stm32f4xx_flash.o
                0x0000000008008d34                FLASH_Unlock
 .text.FLASH_Lock
                0x0000000008008d54       0x10 build/stm32f4xx_flash.o
                0x0000000008008d54                FLASH_Lock
 .text.FLASH_ClearFlag
                0x0000000008008d64        0xc build/stm32f4xx_flash.o
                0x0000000008008d64                FLASH_ClearFlag
 .text.FLASH_GetStatus
                0x0000000008008d70       0x50 build/stm32f4xx_flash.o
                0x0000000008008d70                FLASH_GetStatus
 .text.FLASH_WaitForLastOperation2
                0x0000000008008dc0       0x30 build/stm32f4xx_flash.o
                0x0000000008008dc0                FLASH_WaitForLastOperation2
 .text.FLASH_EraseSector
                0x0000000008008df0       0x70 build/stm32f4xx_flash.o
                0x0000000008008df0                FLASH_EraseSector
 .text.FLASH_ProgramWord
                0x0000000008008e60       0x40 build/stm32f4xx_flash.o
                0x0000000008008e60                FLASH_ProgramWord
 .text.HAL_MspInit
                0x0000000008008ea0       0x40 build/stm32f4xx_hal_msp.o
                0x0000000008008ea0                HAL_MspInit
 .text.NMI_Handler
                0x0000000008008ee0        0x2 build/stm32f4xx_it.o
                0x0000000008008ee0                NMI_Handler
 .text.HardFault_Handler
                0x0000000008008ee2        0x2 build/stm32f4xx_it.o
                0x0000000008008ee2                HardFault_Handler
 .text.MemManage_Handler
                0x0000000008008ee4        0x2 build/stm32f4xx_it.o
                0x0000000008008ee4                MemManage_Handler
 .text.BusFault_Handler
                0x0000000008008ee6        0x2 build/stm32f4xx_it.o
                0x0000000008008ee6                BusFault_Handler
 .text.UsageFault_Handler
                0x0000000008008ee8        0x2 build/stm32f4xx_it.o
                0x0000000008008ee8                UsageFault_Handler
 .text.SVC_Handler
                0x0000000008008eea        0x2 build/stm32f4xx_it.o
                0x0000000008008eea                SVC_Handler
 .text.DebugMon_Handler
                0x0000000008008eec        0x2 build/stm32f4xx_it.o
                0x0000000008008eec                DebugMon_Handler
 .text.PendSV_Handler
                0x0000000008008eee        0x2 build/stm32f4xx_it.o
                0x0000000008008eee                PendSV_Handler
 .text.SysTick_Handler
                0x0000000008008ef0        0x8 build/stm32f4xx_it.o
                0x0000000008008ef0                SysTick_Handler
 .text.CAN1_RX0_IRQHandler
                0x0000000008008ef8      0x150 build/stm32f4xx_it.o
                0x0000000008008ef8                CAN1_RX0_IRQHandler
 .text.USART2_IRQHandler
                0x0000000008009048       0x28 build/stm32f4xx_it.o
                0x0000000008009048                USART2_IRQHandler
 .text.can_tx_rx
                0x0000000008009070      0x158 build/stm32f4xx_it.o
                0x0000000008009070                can_tx_rx
 .text.TIM1_UP_TIM10_IRQHandler
                0x00000000080091c8       0x44 build/stm32f4xx_it.o
                0x00000000080091c8                TIM1_UP_TIM10_IRQHandler
 .text.SystemInit
                0x000000000800920c       0x1c build/system_stm32f4xx.o
                0x000000000800920c                SystemInit
 .text.HAL_InitTick
                0x0000000008009228       0x4c build/stm32f4xx_hal.o
                0x0000000008009228                HAL_InitTick
 .text.HAL_Init
                0x0000000008009274       0x34 build/stm32f4xx_hal.o
                0x0000000008009274                HAL_Init
 .text.HAL_IncTick
                0x00000000080092a8       0x18 build/stm32f4xx_hal.o
                0x00000000080092a8                HAL_IncTick
 .text.HAL_GetTick
                0x00000000080092c0        0xc build/stm32f4xx_hal.o
                0x00000000080092c0                HAL_GetTick
 .text.HAL_Delay
                0x00000000080092cc       0x28 build/stm32f4xx_hal.o
                0x00000000080092cc                HAL_Delay
 .text.ADC_Init
                0x00000000080092f4      0x134 build/stm32f4xx_hal_adc.o
 .text.HAL_ADC_Init
                0x0000000008009428       0x56 build/stm32f4xx_hal_adc.o
                0x0000000008009428                HAL_ADC_Init
 *fill*         0x000000000800947e        0x2 
 .text.HAL_ADC_Start
                0x0000000008009480      0x144 build/stm32f4xx_hal_adc.o
                0x0000000008009480                HAL_ADC_Start
 .text.HAL_ADC_PollForConversion
                0x00000000080095c4       0xb8 build/stm32f4xx_hal_adc.o
                0x00000000080095c4                HAL_ADC_PollForConversion
 .text.HAL_ADC_GetValue
                0x000000000800967c        0x6 build/stm32f4xx_hal_adc.o
                0x000000000800967c                HAL_ADC_GetValue
 *fill*         0x0000000008009682        0x2 
 .text.HAL_ADC_ConfigChannel
                0x0000000008009684      0x1a4 build/stm32f4xx_hal_adc.o
                0x0000000008009684                HAL_ADC_ConfigChannel
 .text.HAL_ADCEx_MultiModeConfigChannel
                0x0000000008009828       0x58 build/stm32f4xx_hal_adc_ex.o
                0x0000000008009828                HAL_ADCEx_MultiModeConfigChannel
 .text.HAL_CAN_Init
                0x0000000008009880      0x14c build/stm32f4xx_hal_can.o
                0x0000000008009880                HAL_CAN_Init
 .text.HAL_CAN_ConfigFilter
                0x00000000080099cc      0x130 build/stm32f4xx_hal_can.o
                0x00000000080099cc                HAL_CAN_ConfigFilter
 .text.HAL_CAN_Start
                0x0000000008009afc       0x5c build/stm32f4xx_hal_can.o
                0x0000000008009afc                HAL_CAN_Start
 .text.HAL_CAN_AddTxMessage
                0x0000000008009b58       0xec build/stm32f4xx_hal_can.o
                0x0000000008009b58                HAL_CAN_AddTxMessage
 .text.HAL_CAN_GetRxMessage
                0x0000000008009c44      0x140 build/stm32f4xx_hal_can.o
                0x0000000008009c44                HAL_CAN_GetRxMessage
 .text.HAL_CAN_TxMailbox0CompleteCallback
                0x0000000008009d84        0x2 build/stm32f4xx_hal_can.o
                0x0000000008009d84                HAL_CAN_TxMailbox0CompleteCallback
 .text.HAL_CAN_TxMailbox1CompleteCallback
                0x0000000008009d86        0x2 build/stm32f4xx_hal_can.o
                0x0000000008009d86                HAL_CAN_TxMailbox1CompleteCallback
 .text.HAL_CAN_TxMailbox2CompleteCallback
                0x0000000008009d88        0x2 build/stm32f4xx_hal_can.o
                0x0000000008009d88                HAL_CAN_TxMailbox2CompleteCallback
 .text.HAL_CAN_TxMailbox0AbortCallback
                0x0000000008009d8a        0x2 build/stm32f4xx_hal_can.o
                0x0000000008009d8a                HAL_CAN_TxMailbox0AbortCallback
 .text.HAL_CAN_TxMailbox1AbortCallback
                0x0000000008009d8c        0x2 build/stm32f4xx_hal_can.o
                0x0000000008009d8c                HAL_CAN_TxMailbox1AbortCallback
 .text.HAL_CAN_TxMailbox2AbortCallback
                0x0000000008009d8e        0x2 build/stm32f4xx_hal_can.o
                0x0000000008009d8e                HAL_CAN_TxMailbox2AbortCallback
 .text.HAL_CAN_RxFifo0MsgPendingCallback
                0x0000000008009d90        0x2 build/stm32f4xx_hal_can.o
                0x0000000008009d90                HAL_CAN_RxFifo0MsgPendingCallback
 .text.HAL_CAN_RxFifo0FullCallback
                0x0000000008009d92        0x2 build/stm32f4xx_hal_can.o
                0x0000000008009d92                HAL_CAN_RxFifo0FullCallback
 .text.HAL_CAN_RxFifo1MsgPendingCallback
                0x0000000008009d94        0x2 build/stm32f4xx_hal_can.o
                0x0000000008009d94                HAL_CAN_RxFifo1MsgPendingCallback
 .text.HAL_CAN_RxFifo1FullCallback
                0x0000000008009d96        0x2 build/stm32f4xx_hal_can.o
                0x0000000008009d96                HAL_CAN_RxFifo1FullCallback
 .text.HAL_CAN_SleepCallback
                0x0000000008009d98        0x2 build/stm32f4xx_hal_can.o
                0x0000000008009d98                HAL_CAN_SleepCallback
 .text.HAL_CAN_WakeUpFromRxMsgCallback
                0x0000000008009d9a        0x2 build/stm32f4xx_hal_can.o
                0x0000000008009d9a                HAL_CAN_WakeUpFromRxMsgCallback
 .text.HAL_CAN_ErrorCallback
                0x0000000008009d9c        0x2 build/stm32f4xx_hal_can.o
                0x0000000008009d9c                HAL_CAN_ErrorCallback
 .text.HAL_CAN_IRQHandler
                0x0000000008009d9e      0x24a build/stm32f4xx_hal_can.o
                0x0000000008009d9e                HAL_CAN_IRQHandler
 .text.HAL_NVIC_SetPriorityGrouping
                0x0000000008009fe8       0x24 build/stm32f4xx_hal_cortex.o
                0x0000000008009fe8                HAL_NVIC_SetPriorityGrouping
 .text.HAL_NVIC_SetPriority
                0x000000000800a00c       0x68 build/stm32f4xx_hal_cortex.o
                0x000000000800a00c                HAL_NVIC_SetPriority
 .text.HAL_NVIC_EnableIRQ
                0x000000000800a074       0x1c build/stm32f4xx_hal_cortex.o
                0x000000000800a074                HAL_NVIC_EnableIRQ
 .text.HAL_SYSTICK_Config
                0x000000000800a090       0x2c build/stm32f4xx_hal_cortex.o
                0x000000000800a090                HAL_SYSTICK_Config
 .text.HAL_DMA_Abort
                0x000000000800a0bc       0x94 build/stm32f4xx_hal_dma.o
                0x000000000800a0bc                HAL_DMA_Abort
 .text.HAL_DMA_Abort_IT
                0x000000000800a150       0x26 build/stm32f4xx_hal_dma.o
                0x000000000800a150                HAL_DMA_Abort_IT
 *fill*         0x000000000800a176        0x2 
 .text.HAL_GPIO_Init
                0x000000000800a178      0x1c8 build/stm32f4xx_hal_gpio.o
                0x000000000800a178                HAL_GPIO_Init
 .text.HAL_GPIO_WritePin
                0x000000000800a340        0xc build/stm32f4xx_hal_gpio.o
                0x000000000800a340                HAL_GPIO_WritePin
 .text.HAL_PWREx_EnableOverDrive
                0x000000000800a34c       0x80 build/stm32f4xx_hal_pwr_ex.o
                0x000000000800a34c                HAL_PWREx_EnableOverDrive
 .text.HAL_RCC_ClockConfig
                0x000000000800a3cc      0x160 build/stm32f4xx_hal_rcc.o
                0x000000000800a3cc                HAL_RCC_ClockConfig
 .text.HAL_RCC_GetHCLKFreq
                0x000000000800a52c        0xc build/stm32f4xx_hal_rcc.o
                0x000000000800a52c                HAL_RCC_GetHCLKFreq
 .text.HAL_RCC_GetPCLK1Freq
                0x000000000800a538       0x20 build/stm32f4xx_hal_rcc.o
                0x000000000800a538                HAL_RCC_GetPCLK1Freq
 .text.HAL_RCC_GetPCLK2Freq
                0x000000000800a558       0x20 build/stm32f4xx_hal_rcc.o
                0x000000000800a558                HAL_RCC_GetPCLK2Freq
 .text.HAL_RCC_GetSysClockFreq
                0x000000000800a578      0x178 build/stm32f4xx_hal_rcc_ex.o
                0x000000000800a578                HAL_RCC_GetSysClockFreq
 .text.HAL_RCC_OscConfig
                0x000000000800a6f0      0x440 build/stm32f4xx_hal_rcc_ex.o
                0x000000000800a6f0                HAL_RCC_OscConfig
 .text.SPI_WaitFlagStateUntilTimeout
                0x000000000800ab30       0xd0 build/stm32f4xx_hal_spi.o
 .text.SPI_EndRxTxTransaction
                0x000000000800ac00       0x68 build/stm32f4xx_hal_spi.o
 .text.HAL_SPI_Init
                0x000000000800ac68       0xbe build/stm32f4xx_hal_spi.o
                0x000000000800ac68                HAL_SPI_Init
 .text.HAL_SPI_TransmitReceive
                0x000000000800ad26      0x238 build/stm32f4xx_hal_spi.o
                0x000000000800ad26                HAL_SPI_TransmitReceive
 *fill*         0x000000000800af5e        0x2 
 .text.TIM_OC1_SetConfig
                0x000000000800af60       0x68 build/stm32f4xx_hal_tim.o
 .text.TIM_OC3_SetConfig
                0x000000000800afc8       0x70 build/stm32f4xx_hal_tim.o
 .text.TIM_OC4_SetConfig
                0x000000000800b038       0x50 build/stm32f4xx_hal_tim.o
 .text.TIM_TI1_ConfigInputStage
                0x000000000800b088       0x24 build/stm32f4xx_hal_tim.o
 .text.TIM_TI2_ConfigInputStage
                0x000000000800b0ac       0x26 build/stm32f4xx_hal_tim.o
 .text.TIM_ITRx_SetConfig
                0x000000000800b0d2       0x10 build/stm32f4xx_hal_tim.o
 *fill*         0x000000000800b0e2        0x2 
 .text.HAL_TIM_Base_Start_IT
                0x000000000800b0e4       0x88 build/stm32f4xx_hal_tim.o
                0x000000000800b0e4                HAL_TIM_Base_Start_IT
 .text.HAL_TIM_PWM_MspInit
                0x000000000800b16c        0x2 build/stm32f4xx_hal_tim.o
                0x000000000800b16c                HAL_TIM_PWM_MspInit
 .text.HAL_TIM_PeriodElapsedCallback
                0x000000000800b16e        0x2 build/stm32f4xx_hal_tim.o
                0x000000000800b16e                HAL_TIM_PeriodElapsedCallback
 .text.HAL_TIM_OC_DelayElapsedCallback
                0x000000000800b170        0x2 build/stm32f4xx_hal_tim.o
                0x000000000800b170                HAL_TIM_OC_DelayElapsedCallback
 .text.HAL_TIM_IC_CaptureCallback
                0x000000000800b172        0x2 build/stm32f4xx_hal_tim.o
                0x000000000800b172                HAL_TIM_IC_CaptureCallback
 .text.HAL_TIM_PWM_PulseFinishedCallback
                0x000000000800b174        0x2 build/stm32f4xx_hal_tim.o
                0x000000000800b174                HAL_TIM_PWM_PulseFinishedCallback
 .text.HAL_TIM_TriggerCallback
                0x000000000800b176        0x2 build/stm32f4xx_hal_tim.o
                0x000000000800b176                HAL_TIM_TriggerCallback
 .text.HAL_TIM_IRQHandler
                0x000000000800b178      0x17a build/stm32f4xx_hal_tim.o
                0x000000000800b178                HAL_TIM_IRQHandler
 *fill*         0x000000000800b2f2        0x2 
 .text.TIM_Base_SetConfig
                0x000000000800b2f4       0xc8 build/stm32f4xx_hal_tim.o
                0x000000000800b2f4                TIM_Base_SetConfig
 .text.HAL_TIM_Base_Init
                0x000000000800b3bc       0x58 build/stm32f4xx_hal_tim.o
                0x000000000800b3bc                HAL_TIM_Base_Init
 .text.HAL_TIM_PWM_Init
                0x000000000800b414       0x58 build/stm32f4xx_hal_tim.o
                0x000000000800b414                HAL_TIM_PWM_Init
 .text.TIM_OC2_SetConfig
                0x000000000800b46c       0x70 build/stm32f4xx_hal_tim.o
                0x000000000800b46c                TIM_OC2_SetConfig
 .text.HAL_TIM_PWM_ConfigChannel
                0x000000000800b4dc       0xd0 build/stm32f4xx_hal_tim.o
                0x000000000800b4dc                HAL_TIM_PWM_ConfigChannel
 .text.TIM_ETR_SetConfig
                0x000000000800b5ac       0x18 build/stm32f4xx_hal_tim.o
                0x000000000800b5ac                TIM_ETR_SetConfig
 .text.HAL_TIM_ConfigClockSource
                0x000000000800b5c4       0xda build/stm32f4xx_hal_tim.o
                0x000000000800b5c4                HAL_TIM_ConfigClockSource
 .text.TIM_CCxChannelCmd
                0x000000000800b69e       0x24 build/stm32f4xx_hal_tim.o
                0x000000000800b69e                TIM_CCxChannelCmd
 *fill*         0x000000000800b6c2        0x2 
 .text.HAL_TIM_PWM_Start
                0x000000000800b6c4      0x104 build/stm32f4xx_hal_tim.o
                0x000000000800b6c4                HAL_TIM_PWM_Start
 .text.HAL_TIMEx_MasterConfigSynchronization
                0x000000000800b7c8       0x88 build/stm32f4xx_hal_tim_ex.o
                0x000000000800b7c8                HAL_TIMEx_MasterConfigSynchronization
 .text.HAL_TIMEx_ConfigBreakDeadTime
                0x000000000800b850       0x52 build/stm32f4xx_hal_tim_ex.o
                0x000000000800b850                HAL_TIMEx_ConfigBreakDeadTime
 .text.HAL_TIMEx_CommutCallback
                0x000000000800b8a2        0x2 build/stm32f4xx_hal_tim_ex.o
                0x000000000800b8a2                HAL_TIMEx_CommutCallback
 .text.HAL_TIMEx_BreakCallback
                0x000000000800b8a4        0x2 build/stm32f4xx_hal_tim_ex.o
                0x000000000800b8a4                HAL_TIMEx_BreakCallback
 .text.UART_EndRxTransfer
                0x000000000800b8a6       0x32 build/stm32f4xx_hal_uart.o
 .text.UART_Transmit_IT
                0x000000000800b8d8       0x60 build/stm32f4xx_hal_uart.o
 .text.UART_SetConfig
                0x000000000800b938      0x11c build/stm32f4xx_hal_uart.o
 .text.UART_WaitOnFlagUntilTimeout
                0x000000000800ba54       0x68 build/stm32f4xx_hal_uart.o
 .text.HAL_UART_Init
                0x000000000800babc       0x5e build/stm32f4xx_hal_uart.o
                0x000000000800babc                HAL_UART_Init
 .text.HAL_UART_Transmit
                0x000000000800bb1a       0xd8 build/stm32f4xx_hal_uart.o
                0x000000000800bb1a                HAL_UART_Transmit
 .text.HAL_UART_TxCpltCallback
                0x000000000800bbf2        0x2 build/stm32f4xx_hal_uart.o
                0x000000000800bbf2                HAL_UART_TxCpltCallback
 .text.UART_EndTransmit_IT
                0x000000000800bbf4       0x1a build/stm32f4xx_hal_uart.o
 .text.HAL_UART_ErrorCallback
                0x000000000800bc0e        0x2 build/stm32f4xx_hal_uart.o
                0x000000000800bc0e                HAL_UART_ErrorCallback
 .text.UART_DMAAbortOnError
                0x000000000800bc10       0x10 build/stm32f4xx_hal_uart.o
 .text.HAL_UARTEx_RxEventCallback
                0x000000000800bc20        0x2 build/stm32f4xx_hal_uart.o
                0x000000000800bc20                HAL_UARTEx_RxEventCallback
 .text.UART_Receive_IT
                0x000000000800bc22       0xba build/stm32f4xx_hal_uart.o
 .text.HAL_UART_IRQHandler
                0x000000000800bcdc      0x208 build/stm32f4xx_hal_uart.o
                0x000000000800bcdc                HAL_UART_IRQHandler
 .text.UART_Start_Receive_IT
                0x000000000800bee4       0x36 build/stm32f4xx_hal_uart.o
                0x000000000800bee4                UART_Start_Receive_IT
 .text.HAL_UART_Receive_IT
                0x000000000800bf1a       0x38 build/stm32f4xx_hal_uart.o
                0x000000000800bf1a                HAL_UART_Receive_IT
 *fill*         0x000000000800bf52        0x2 
 .text.Reset_Handler
                0x000000000800bf54       0x50 build/startup_stm32f446retx.o
                0x000000000800bf54                Reset_Handler
 .text.Default_Handler
                0x000000000800bfa4        0x2 build/startup_stm32f446retx.o
                0x000000000800bfa4                RTC_Alarm_IRQHandler
                0x000000000800bfa4                EXTI2_IRQHandler
                0x000000000800bfa4                TIM8_CC_IRQHandler
                0x000000000800bfa4                FMPI2C1_EV_IRQHandler
                0x000000000800bfa4                SPI4_IRQHandler
                0x000000000800bfa4                TIM1_CC_IRQHandler
                0x000000000800bfa4                DMA2_Stream5_IRQHandler
                0x000000000800bfa4                DMA1_Stream5_IRQHandler
                0x000000000800bfa4                PVD_IRQHandler
                0x000000000800bfa4                SDIO_IRQHandler
                0x000000000800bfa4                TAMP_STAMP_IRQHandler
                0x000000000800bfa4                CAN2_RX1_IRQHandler
                0x000000000800bfa4                EXTI3_IRQHandler
                0x000000000800bfa4                TIM8_TRG_COM_TIM14_IRQHandler
                0x000000000800bfa4                TIM8_UP_TIM13_IRQHandler
                0x000000000800bfa4                I2C3_ER_IRQHandler
                0x000000000800bfa4                EXTI0_IRQHandler
                0x000000000800bfa4                I2C2_EV_IRQHandler
                0x000000000800bfa4                DMA1_Stream2_IRQHandler
                0x000000000800bfa4                FPU_IRQHandler
                0x000000000800bfa4                OTG_HS_WKUP_IRQHandler
                0x000000000800bfa4                CAN2_SCE_IRQHandler
                0x000000000800bfa4                DMA2_Stream2_IRQHandler
                0x000000000800bfa4                SPI1_IRQHandler
                0x000000000800bfa4                TIM6_DAC_IRQHandler
                0x000000000800bfa4                TIM1_BRK_TIM9_IRQHandler
                0x000000000800bfa4                DCMI_IRQHandler
                0x000000000800bfa4                CAN2_RX0_IRQHandler
                0x000000000800bfa4                DMA2_Stream3_IRQHandler
                0x000000000800bfa4                SAI2_IRQHandler
                0x000000000800bfa4                USART6_IRQHandler
                0x000000000800bfa4                USART3_IRQHandler
                0x000000000800bfa4                CAN1_RX1_IRQHandler
                0x000000000800bfa4                UART5_IRQHandler
                0x000000000800bfa4                DMA2_Stream0_IRQHandler
                0x000000000800bfa4                TIM4_IRQHandler
                0x000000000800bfa4                QUADSPI_IRQHandler
                0x000000000800bfa4                I2C1_EV_IRQHandler
                0x000000000800bfa4                DMA1_Stream6_IRQHandler
                0x000000000800bfa4                DMA1_Stream1_IRQHandler
                0x000000000800bfa4                UART4_IRQHandler
                0x000000000800bfa4                TIM3_IRQHandler
                0x000000000800bfa4                RCC_IRQHandler
                0x000000000800bfa4                TIM8_BRK_TIM12_IRQHandler
                0x000000000800bfa4                Default_Handler
                0x000000000800bfa4                CEC_IRQHandler
                0x000000000800bfa4                EXTI15_10_IRQHandler
                0x000000000800bfa4                ADC_IRQHandler
                0x000000000800bfa4                DMA1_Stream7_IRQHandler
                0x000000000800bfa4                TIM7_IRQHandler
                0x000000000800bfa4                CAN2_TX_IRQHandler
                0x000000000800bfa4                TIM5_IRQHandler
                0x000000000800bfa4                DMA2_Stream7_IRQHandler
                0x000000000800bfa4                I2C3_EV_IRQHandler
                0x000000000800bfa4                EXTI9_5_IRQHandler
                0x000000000800bfa4                RTC_WKUP_IRQHandler
                0x000000000800bfa4                SPDIF_RX_IRQHandler
                0x000000000800bfa4                SPI2_IRQHandler
                0x000000000800bfa4                OTG_HS_EP1_IN_IRQHandler
                0x000000000800bfa4                DMA1_Stream0_IRQHandler
                0x000000000800bfa4                CAN1_TX_IRQHandler
                0x000000000800bfa4                FMPI2C1_ER_IRQHandler
                0x000000000800bfa4                EXTI4_IRQHandler
                0x000000000800bfa4                OTG_HS_EP1_OUT_IRQHandler
                0x000000000800bfa4                WWDG_IRQHandler
                0x000000000800bfa4                TIM2_IRQHandler
                0x000000000800bfa4                OTG_FS_WKUP_IRQHandler
                0x000000000800bfa4                TIM1_TRG_COM_TIM11_IRQHandler
                0x000000000800bfa4                OTG_HS_IRQHandler
                0x000000000800bfa4                EXTI1_IRQHandler
                0x000000000800bfa4                I2C2_ER_IRQHandler
                0x000000000800bfa4                DMA2_Stream1_IRQHandler
                0x000000000800bfa4                CAN1_SCE_IRQHandler
                0x000000000800bfa4                FLASH_IRQHandler
                0x000000000800bfa4                DMA2_Stream4_IRQHandler
                0x000000000800bfa4                USART1_IRQHandler
                0x000000000800bfa4                OTG_FS_IRQHandler
                0x000000000800bfa4                SPI3_IRQHandler
                0x000000000800bfa4                DMA1_Stream4_IRQHandler
                0x000000000800bfa4                I2C1_ER_IRQHandler
                0x000000000800bfa4                FMC_IRQHandler
                0x000000000800bfa4                DMA2_Stream6_IRQHandler
                0x000000000800bfa4                SAI1_IRQHandler
                0x000000000800bfa4                DMA1_Stream3_IRQHandler
 *(.glue_7)
 .glue_7        0x000000000800bfa6        0x0 linker stubs
 *(.glue_7t)
 .glue_7t       0x000000000800bfa6        0x0 linker stubs
 *(.eh_frame)
 *fill*         0x000000000800bfa6        0x2 
 .eh_frame      0x000000000800bfa8        0x0 /usr/lib/gcc/arm-none-eabi/9.2.1/thumb/v7e-m+fp/hard/crtbegin.o
 *(.init)
 .init          0x000000000800bfa8        0x4 /usr/lib/gcc/arm-none-eabi/9.2.1/thumb/v7e-m+fp/hard/crti.o
                0x000000000800bfa8                _init
 .init          0x000000000800bfac        0x8 /usr/lib/gcc/arm-none-eabi/9.2.1/thumb/v7e-m+fp/hard/crtn.o
 *(.fini)
 .fini          0x000000000800bfb4        0x4 /usr/lib/gcc/arm-none-eabi/9.2.1/thumb/v7e-m+fp/hard/crti.o
                0x000000000800bfb4                _fini
 .fini          0x000000000800bfb8        0x8 /usr/lib/gcc/arm-none-eabi/9.2.1/thumb/v7e-m+fp/hard/crtn.o
                0x000000000800bfc0                . = ALIGN (0x4)
                0x000000000800bfc0                _etext = .

.vfp11_veneer   0x000000000800bfc0        0x0
 .vfp11_veneer  0x000000000800bfc0        0x0 linker stubs

.v4_bx          0x000000000800bfc0        0x0
 .v4_bx         0x000000000800bfc0        0x0 linker stubs

.iplt           0x000000000800bfc0        0x0
 .iplt          0x000000000800bfc0        0x0 /usr/lib/gcc/arm-none-eabi/9.2.1/thumb/v7e-m+fp/hard/crtbegin.o

.rodata         0x000000000800bfc0     0x15a0
                0x000000000800bfc0                . = ALIGN (0x4)
 *(.rodata)
 .rodata        0x000000000800bfc0        0x4 /usr/lib/gcc/arm-none-eabi/9.2.1/../../../arm-none-eabi/lib/thumb/v7e-m+fp/hard/libc_nano.a(lib_a-impure.o)
                0x000000000800bfc0                _global_impure_ptr
 *fill*         0x000000000800bfc4        0x4 
 .rodata        0x000000000800bfc8       0x50 /usr/lib/gcc/arm-none-eabi/9.2.1/../../../arm-none-eabi/lib/thumb/v7e-m+fp/hard/libc_nano.a(lib_a-strtod.o)
 .rodata        0x000000000800c018      0x101 /usr/lib/gcc/arm-none-eabi/9.2.1/../../../arm-none-eabi/lib/thumb/v7e-m+fp/hard/libc_nano.a(lib_a-ctype_.o)
                0x000000000800c018                _ctype_
 *fill*         0x000000000800c119        0x3 
 .rodata        0x000000000800c11c       0x60 /usr/lib/gcc/arm-none-eabi/9.2.1/../../../arm-none-eabi/lib/thumb/v7e-m+fp/hard/libc_nano.a(lib_a-findfp.o)
                0x000000000800c11c                __sf_fake_stderr
                0x000000000800c13c                __sf_fake_stdout
                0x000000000800c15c                __sf_fake_stdin
 .rodata        0x000000000800c17c      0x100 /usr/lib/gcc/arm-none-eabi/9.2.1/../../../arm-none-eabi/lib/thumb/v7e-m+fp/hard/libc_nano.a(lib_a-gdtoa-gethex.o)
                0x000000000800c17c                __hexdig
 .rodata        0x000000000800c27c        0xc /usr/lib/gcc/arm-none-eabi/9.2.1/../../../arm-none-eabi/lib/thumb/v7e-m+fp/hard/libc_nano.a(lib_a-lnumeric.o)
                0x000000000800c27c                _C_numeric_locale
 .rodata        0x000000000800c288      0x128 /usr/lib/gcc/arm-none-eabi/9.2.1/../../../arm-none-eabi/lib/thumb/v7e-m+fp/hard/libc_nano.a(lib_a-mprec.o)
                0x000000000800c298                __mprec_tens
                0x000000000800c360                __mprec_tinytens
                0x000000000800c388                __mprec_bigtens
 .rodata        0x000000000800c3b0       0x30 /usr/lib/gcc/arm-none-eabi/9.2.1/../../../arm-none-eabi/lib/thumb/v7e-m+fp/hard/libm.a(lib_a-e_exp.o)
 .rodata        0x000000000800c3e0        0x8 /usr/lib/gcc/arm-none-eabi/9.2.1/../../../arm-none-eabi/lib/thumb/v7e-m+fp/hard/libm.a(lib_a-ef_fmod.o)
 *(.rodata*)
 .rodata.order_phases.str1.4
                0x000000000800c3e8       0x82 build/calibration.o
 *fill*         0x000000000800c46a        0x2 
 .rodata.calibrate_encoder.str1.4
                0x000000000800c46c       0x41 build/calibration.o
 *fill*         0x000000000800c4ad        0x3 
 .rodata.drv_print_faults.str1.4
                0x000000000800c4b0       0xe5 build/drv8323.o
 *fill*         0x000000000800c595        0x3 
 .rodata.__SECTORS
                0x000000000800c598       0x20 build/flash_writer.o
 .rodata.__SECTOR_ADDRS
                0x000000000800c5b8       0x20 build/flash_writer.o
 .rodata.enter_menu_state.str1.4
                0x000000000800c5d8       0x9a build/fsm.o
                                         0xa2 (size before relaxing)
 *fill*         0x000000000800c672        0x2 
 .rodata.enter_setup_state.str1.4
                0x000000000800c674      0x346 build/fsm.o
                                        0x34e (size before relaxing)
 *fill*         0x000000000800c9ba        0x2 
 .rodata.process_user_input.str1.4
                0x000000000800c9bc      0x15f build/fsm.o
 *fill*         0x000000000800cb1b        0x1 
 .rodata.update_fsm.str1.4
                0x000000000800cb1c       0x25 build/fsm.o
 *fill*         0x000000000800cb41        0x3 
 .rodata.run_fsm.str1.4
                0x000000000800cb44       0x11 build/fsm.o
 *fill*         0x000000000800cb55        0x3 
 .rodata.main.str1.4
                0x000000000800cb58       0x4c build/main.o
 .rodata.sin_tab
                0x000000000800cba4      0x800 build/math_ops.o
                0x000000000800cba4                sin_tab
 .rodata.ps_print.str1.4
                0x000000000800d3a4       0x6c build/position_sensor.o
 .rodata.AHBPrescTable
                0x000000000800d410       0x10 build/system_stm32f4xx.o
                0x000000000800d410                AHBPrescTable
 .rodata.APBPrescTable
                0x000000000800d420        0x8 build/system_stm32f4xx.o
                0x000000000800d420                APBPrescTable
 .rodata.str1.4
                0x000000000800d428        0xf /usr/lib/gcc/arm-none-eabi/9.2.1/../../../arm-none-eabi/lib/thumb/v7e-m+fp/hard/libc_nano.a(lib_a-strtod.o)
                                         0x11 (size before relaxing)
 *fill*         0x000000000800d437        0x1 
 .rodata.str1.4
                0x000000000800d438       0x4e /usr/lib/gcc/arm-none-eabi/9.2.1/../../../arm-none-eabi/lib/thumb/v7e-m+fp/hard/libc_nano.a(lib_a-gdtoa-gethex.o)
 *fill*         0x000000000800d486        0x2 
 .rodata.str1.4
                0x000000000800d488        0x2 /usr/lib/gcc/arm-none-eabi/9.2.1/../../../arm-none-eabi/lib/thumb/v7e-m+fp/hard/libc_nano.a(lib_a-lnumeric.o)
                                          0x5 (size before relaxing)
 *fill*         0x000000000800d48a        0x2 
 .rodata.str1.4
                0x000000000800d48c        0xa /usr/lib/gcc/arm-none-eabi/9.2.1/../../../arm-none-eabi/lib/thumb/v7e-m+fp/hard/libc_nano.a(lib_a-locale.o)
                                         0x12 (size before relaxing)
 *fill*         0x000000000800d496        0x2 
 .rodata.str1.4
                0x000000000800d498       0x4b /usr/lib/gcc/arm-none-eabi/9.2.1/../../../arm-none-eabi/lib/thumb/v7e-m+fp/hard/libc_nano.a(lib_a-mprec.o)
                                         0x5d (size before relaxing)
 *fill*         0x000000000800d4e3        0x1 
 .rodata.str1.4
                0x000000000800d4e4       0x13 /usr/lib/gcc/arm-none-eabi/9.2.1/../../../arm-none-eabi/lib/thumb/v7e-m+fp/hard/libc_nano.a(lib_a-nano-vfprintf.o)
 *fill*         0x000000000800d4f7        0x1 
 .rodata.str1.4
                0x000000000800d4f8       0x25 /usr/lib/gcc/arm-none-eabi/9.2.1/../../../arm-none-eabi/lib/thumb/v7e-m+fp/hard/libc_nano.a(lib_a-nano-vfprintf_i.o)
 *fill*         0x000000000800d51d        0x3 
 .rodata.str1.4
                0x000000000800d520       0x3f /usr/lib/gcc/arm-none-eabi/9.2.1/../../../arm-none-eabi/lib/thumb/v7e-m+fp/hard/libc_nano.a(lib_a-assert.o)
                                         0x43 (size before relaxing)
                0x000000000800d560                . = ALIGN (0x4)
 *fill*         0x000000000800d55f        0x1 

.ARM.extab      0x000000000800d560        0x0
                0x000000000800d560                . = ALIGN (0x4)
 *(.ARM.extab* .gnu.linkonce.armextab.*)
                0x000000000800d560                . = ALIGN (0x4)

.ARM            0x000000000800d560        0x8
                0x000000000800d560                . = ALIGN (0x4)
                0x000000000800d560                __exidx_start = .
 *(.ARM.exidx*)
 .ARM.exidx     0x000000000800d560        0x8 /usr/lib/gcc/arm-none-eabi/9.2.1/thumb/v7e-m+fp/hard/libgcc.a(_udivmoddi4.o)
                0x000000000800d568                __exidx_end = .
                0x000000000800d568                . = ALIGN (0x4)

.rel.dyn        0x000000000800d568        0x0
 .rel.iplt      0x000000000800d568        0x0 /usr/lib/gcc/arm-none-eabi/9.2.1/thumb/v7e-m+fp/hard/crtbegin.o

.preinit_array  0x000000000800d568        0x0
                0x000000000800d568                . = ALIGN (0x4)
                0x000000000800d568                PROVIDE (__preinit_array_start = .)
 *(.preinit_array*)
                0x000000000800d568                PROVIDE (__preinit_array_end = .)
                0x000000000800d568                . = ALIGN (0x4)

.init_array     0x000000000800d568        0x4
                0x000000000800d568                . = ALIGN (0x4)
                0x000000000800d568                PROVIDE (__init_array_start = .)
 *(SORT_BY_NAME(.init_array.*))
 *(.init_array*)
 .init_array    0x000000000800d568        0x4 /usr/lib/gcc/arm-none-eabi/9.2.1/thumb/v7e-m+fp/hard/crtbegin.o
                0x000000000800d56c                PROVIDE (__init_array_end = .)
                0x000000000800d56c                . = ALIGN (0x4)

.fini_array     0x000000000800d56c        0x4
                0x000000000800d56c                . = ALIGN (0x4)
                0x000000000800d56c                PROVIDE (__fini_array_start = .)
 *(SORT_BY_NAME(.fini_array.*))
 *(.fini_array*)
 .fini_array    0x000000000800d56c        0x4 /usr/lib/gcc/arm-none-eabi/9.2.1/thumb/v7e-m+fp/hard/crtbegin.o
                0x000000000800d570                PROVIDE (__fini_array_end = .)
                0x000000000800d570                . = ALIGN (0x4)
                0x000000000800d570                _sidata = LOADADDR (.data)

.data           0x0000000020000000      0x1e4 load address 0x000000000800d570
                0x0000000020000000                . = ALIGN (0x4)
                0x0000000020000000                _sdata = .
 *(.data)
 .data          0x0000000020000000       0x64 /usr/lib/gcc/arm-none-eabi/9.2.1/../../../arm-none-eabi/lib/thumb/v7e-m+fp/hard/libc_nano.a(lib_a-impure.o)
                0x0000000020000000                _impure_ptr
 .data          0x0000000020000064        0x2 /usr/lib/gcc/arm-none-eabi/9.2.1/../../../arm-none-eabi/lib/thumb/v7e-m+fp/hard/libc_nano.a(lib_a-lnumeric.o)
 *fill*         0x0000000020000066        0x2 
 .data          0x0000000020000068      0x16c /usr/lib/gcc/arm-none-eabi/9.2.1/../../../arm-none-eabi/lib/thumb/v7e-m+fp/hard/libc_nano.a(lib_a-locale.o)
                0x0000000020000068                __global_locale
 .data          0x00000000200001d4        0x1 /usr/lib/gcc/arm-none-eabi/9.2.1/../../../arm-none-eabi/lib/thumb/v7e-m+fp/hard/libm.a(lib_a-s_lib_ver.o)
                0x00000000200001d4                __fdlib_version
 *(.data*)
 *fill*         0x00000000200001d5        0x3 
 .data.SystemCoreClock
                0x00000000200001d8        0x4 build/system_stm32f4xx.o
                0x00000000200001d8                SystemCoreClock
 .data.uwTickFreq
                0x00000000200001dc        0x1 build/stm32f4xx_hal.o
                0x00000000200001dc                uwTickFreq
 *fill*         0x00000000200001dd        0x3 
 .data.uwTickPrio
                0x00000000200001e0        0x4 build/stm32f4xx_hal.o
                0x00000000200001e0                uwTickPrio
                0x00000000200001e4                . = ALIGN (0x4)
                0x00000000200001e4                _edata = .

.tm_clone_table
                0x00000000200001e4        0x0 load address 0x000000000800d754
 .tm_clone_table
                0x00000000200001e4        0x0 /usr/lib/gcc/arm-none-eabi/9.2.1/thumb/v7e-m+fp/hard/crtbegin.o
 .tm_clone_table
                0x00000000200001e4        0x0 /usr/lib/gcc/arm-none-eabi/9.2.1/thumb/v7e-m+fp/hard/crtend.o

.igot.plt       0x00000000200001e4        0x0 load address 0x000000000800d754
 .igot.plt      0x00000000200001e4        0x0 /usr/lib/gcc/arm-none-eabi/9.2.1/thumb/v7e-m+fp/hard/crtbegin.o
                0x00000000200001e4                . = ALIGN (0x4)

.bss            0x00000000200001e8     0x932c load address 0x000000000800d754
                0x00000000200001e8                _sbss = .
                0x00000000200001e8                __bss_start__ = _sbss
 *(.bss)
 .bss           0x00000000200001e8       0x1c /usr/lib/gcc/arm-none-eabi/9.2.1/thumb/v7e-m+fp/hard/crtbegin.o
 .bss           0x0000000020000204        0x8 /usr/lib/gcc/arm-none-eabi/9.2.1/../../../arm-none-eabi/lib/thumb/v7e-m+fp/hard/libc_nano.a(lib_a-nano-mallocr.o)
                0x0000000020000204                __malloc_free_list
                0x0000000020000208                __malloc_sbrk_start
 *(.bss*)
 .bss.heap_end.6547
                0x000000002000020c        0x4 build/sysmem.o
 *(COMMON)
 COMMON         0x0000000020000210       0xd8 build/adc.o
                0x0000000020000210                hadc2
                0x0000000020000258                hadc1
                0x00000000200002a0                hadc3
 COMMON         0x00000000200002e8       0x28 build/can.o
                0x00000000200002e8                hcan1
 COMMON         0x0000000020000310     0x90c0 build/main.o
                0x0000000020000310                comm_encoder
                0x00000000200005f0                Serial2RxBuffer
                0x00000000200005f4                com
                0x00000000200005f4                state
                0x0000000020000604                prefs
                0x0000000020000618                __float_reg
                0x0000000020000718                controller
                0x0000000020000a20                comm_encoder_cal
                0x0000000020008f2c                __int_reg
                0x000000002000932c                can_tx
                0x000000002000934c                drv
                0x0000000020009354                can_rx
                0x00000000200093a8                observer
 COMMON         0x00000000200093d0       0xb0 build/spi.o
                0x00000000200093d0                hspi3
                0x0000000020009428                hspi1
 COMMON         0x0000000020009480       0x48 build/tim.o
                0x0000000020009480                htim1
 COMMON         0x00000000200094c8       0x44 build/usart.o
                0x00000000200094c8                huart2
 COMMON         0x000000002000950c        0x4 build/stm32f4xx_hal.o
                0x000000002000950c                uwTick
 COMMON         0x0000000020009510        0x4 /usr/lib/gcc/arm-none-eabi/9.2.1/../../../arm-none-eabi/lib/thumb/v7e-m+fp/hard/libc_nano.a(lib_a-reent.o)
                0x0000000020009510                errno
                0x0000000020009514                . = ALIGN (0x4)
                0x0000000020009514                _ebss = .
                0x0000000020009514                __bss_end__ = _ebss

._user_heap_stack
                0x0000000020009514      0x604 load address 0x000000000800d754
                0x0000000020009518                . = ALIGN (0x8)
 *fill*         0x0000000020009514        0x4 
                0x0000000020009518                PROVIDE (end = .)
                [!provide]                        PROVIDE (_end = .)
                0x0000000020009718                . = (. + _Min_Heap_Size)
 *fill*         0x0000000020009518      0x200 
                0x0000000020009b18                . = (. + _Min_Stack_Size)
 *fill*         0x0000000020009718      0x400 
                0x0000000020009b18                . = ALIGN (0x8)

/DISCARD/
 libc.a(*)
 libm.a(*)
 libgcc.a(*)

.ARM.attributes
                0x0000000000000000       0x30
 *(.ARM.attributes)
 .ARM.attributes
                0x0000000000000000       0x1e /usr/lib/gcc/arm-none-eabi/9.2.1/thumb/v7e-m+fp/hard/crti.o
 .ARM.attributes
                0x000000000000001e       0x34 /usr/lib/gcc/arm-none-eabi/9.2.1/thumb/v7e-m+fp/hard/crtbegin.o
 .ARM.attributes
                0x0000000000000052       0x34 build/adc.o
 .ARM.attributes
                0x0000000000000086       0x34 build/calibration.o
 .ARM.attributes
                0x00000000000000ba       0x34 build/can.o
 .ARM.attributes
                0x00000000000000ee       0x34 build/drv8323.o
 .ARM.attributes
                0x0000000000000122       0x34 build/flash_writer.o
 .ARM.attributes
                0x0000000000000156       0x34 build/foc.o
 .ARM.attributes
                0x000000000000018a       0x34 build/fsm.o
 .ARM.attributes
                0x00000000000001be       0x34 build/gpio.o
 .ARM.attributes
                0x00000000000001f2       0x34 build/main.o
 .ARM.attributes
                0x0000000000000226       0x34 build/math_ops.o
 .ARM.attributes
                0x000000000000025a       0x34 build/position_sensor.o
 .ARM.attributes
                0x000000000000028e       0x34 build/preference_writer.o
 .ARM.attributes
                0x00000000000002c2       0x34 build/spi.o
 .ARM.attributes
                0x00000000000002f6       0x34 build/tim.o
 .ARM.attributes
                0x000000000000032a       0x34 build/usart.o
 .ARM.attributes
                0x000000000000035e       0x34 build/syscalls.o
 .ARM.attributes
                0x0000000000000392       0x34 build/sysmem.o
 .ARM.attributes
                0x00000000000003c6       0x34 build/stm32f4xx_flash.o
 .ARM.attributes
                0x00000000000003fa       0x34 build/stm32f4xx_hal_msp.o
 .ARM.attributes
                0x000000000000042e       0x34 build/stm32f4xx_it.o
 .ARM.attributes
                0x0000000000000462       0x34 build/system_stm32f4xx.o
 .ARM.attributes
                0x0000000000000496       0x34 build/stm32f4xx_hal.o
 .ARM.attributes
                0x00000000000004ca       0x34 build/stm32f4xx_hal_adc.o
 .ARM.attributes
                0x00000000000004fe       0x34 build/stm32f4xx_hal_adc_ex.o
 .ARM.attributes
                0x0000000000000532       0x34 build/stm32f4xx_hal_can.o
 .ARM.attributes
                0x0000000000000566       0x34 build/stm32f4xx_hal_cortex.o
 .ARM.attributes
                0x000000000000059a       0x34 build/stm32f4xx_hal_dma.o
 .ARM.attributes
                0x00000000000005ce       0x34 build/stm32f4xx_hal_gpio.o
 .ARM.attributes
                0x0000000000000602       0x34 build/stm32f4xx_hal_pwr_ex.o
 .ARM.attributes
                0x0000000000000636       0x34 build/stm32f4xx_hal_rcc.o
 .ARM.attributes
                0x000000000000066a       0x34 build/stm32f4xx_hal_rcc_ex.o
 .ARM.attributes
                0x000000000000069e       0x34 build/stm32f4xx_hal_spi.o
 .ARM.attributes
                0x00000000000006d2       0x34 build/stm32f4xx_hal_tim.o
 .ARM.attributes
                0x0000000000000706       0x34 build/stm32f4xx_hal_tim_ex.o
 .ARM.attributes
                0x000000000000073a       0x34 build/stm32f4xx_hal_uart.o
 .ARM.attributes
                0x000000000000076e       0x21 build/startup_stm32f446retx.o
 .ARM.attributes
                0x000000000000078f       0x34 /usr/lib/gcc/arm-none-eabi/9.2.1/../../../arm-none-eabi/lib/thumb/v7e-m+fp/hard/libc_nano.a(lib_a-atof.o)
 .ARM.attributes
                0x00000000000007c3       0x34 /usr/lib/gcc/arm-none-eabi/9.2.1/../../../arm-none-eabi/lib/thumb/v7e-m+fp/hard/libc_nano.a(lib_a-atoi.o)
 .ARM.attributes
                0x00000000000007f7       0x34 /usr/lib/gcc/arm-none-eabi/9.2.1/../../../arm-none-eabi/lib/thumb/v7e-m+fp/hard/libc_nano.a(lib_a-errno.o)
 .ARM.attributes
                0x000000000000082b       0x32 /usr/lib/gcc/arm-none-eabi/9.2.1/../../../arm-none-eabi/lib/thumb/v7e-m+fp/hard/libc_nano.a(lib_a-impure.o)
 .ARM.attributes
                0x000000000000085d       0x34 /usr/lib/gcc/arm-none-eabi/9.2.1/../../../arm-none-eabi/lib/thumb/v7e-m+fp/hard/libc_nano.a(lib_a-init.o)
 .ARM.attributes
                0x0000000000000891       0x1c /usr/lib/gcc/arm-none-eabi/9.2.1/../../../arm-none-eabi/lib/thumb/v7e-m+fp/hard/libc_nano.a(lib_a-memcpy.o)
 .ARM.attributes
                0x00000000000008ad       0x34 /usr/lib/gcc/arm-none-eabi/9.2.1/../../../arm-none-eabi/lib/thumb/v7e-m+fp/hard/libc_nano.a(lib_a-memset.o)
 .ARM.attributes
                0x00000000000008e1       0x34 /usr/lib/gcc/arm-none-eabi/9.2.1/../../../arm-none-eabi/lib/thumb/v7e-m+fp/hard/libc_nano.a(lib_a-printf.o)
 .ARM.attributes
                0x0000000000000915       0x34 /usr/lib/gcc/arm-none-eabi/9.2.1/../../../arm-none-eabi/lib/thumb/v7e-m+fp/hard/libc_nano.a(lib_a-puts.o)
 .ARM.attributes
                0x0000000000000949       0x34 /usr/lib/gcc/arm-none-eabi/9.2.1/../../../arm-none-eabi/lib/thumb/v7e-m+fp/hard/libc_nano.a(lib_a-strtod.o)
 .ARM.attributes
                0x000000000000097d       0x34 /usr/lib/gcc/arm-none-eabi/9.2.1/../../../arm-none-eabi/lib/thumb/v7e-m+fp/hard/libc_nano.a(lib_a-strtol.o)
 .ARM.attributes
                0x00000000000009b1       0x34 /usr/lib/gcc/arm-none-eabi/9.2.1/../../../arm-none-eabi/lib/thumb/v7e-m+fp/hard/libc_nano.a(lib_a-wbuf.o)
 .ARM.attributes
                0x00000000000009e5       0x34 /usr/lib/gcc/arm-none-eabi/9.2.1/../../../arm-none-eabi/lib/thumb/v7e-m+fp/hard/libc_nano.a(lib_a-wsetup.o)
 .ARM.attributes
                0x0000000000000a19       0x32 /usr/lib/gcc/arm-none-eabi/9.2.1/../../../arm-none-eabi/lib/thumb/v7e-m+fp/hard/libc_nano.a(lib_a-ctype_.o)
 .ARM.attributes
                0x0000000000000a4b       0x34 /usr/lib/gcc/arm-none-eabi/9.2.1/../../../arm-none-eabi/lib/thumb/v7e-m+fp/hard/libc_nano.a(lib_a-fflush.o)
 .ARM.attributes
                0x0000000000000a7f       0x34 /usr/lib/gcc/arm-none-eabi/9.2.1/../../../arm-none-eabi/lib/thumb/v7e-m+fp/hard/libc_nano.a(lib_a-findfp.o)
 .ARM.attributes
                0x0000000000000ab3       0x34 /usr/lib/gcc/arm-none-eabi/9.2.1/../../../arm-none-eabi/lib/thumb/v7e-m+fp/hard/libc_nano.a(lib_a-fwalk.o)
 .ARM.attributes
                0x0000000000000ae7       0x34 /usr/lib/gcc/arm-none-eabi/9.2.1/../../../arm-none-eabi/lib/thumb/v7e-m+fp/hard/libc_nano.a(lib_a-gdtoa-gethex.o)
 .ARM.attributes
                0x0000000000000b1b       0x34 /usr/lib/gcc/arm-none-eabi/9.2.1/../../../arm-none-eabi/lib/thumb/v7e-m+fp/hard/libc_nano.a(lib_a-gdtoa-hexnan.o)
 .ARM.attributes
                0x0000000000000b4f       0x34 /usr/lib/gcc/arm-none-eabi/9.2.1/../../../arm-none-eabi/lib/thumb/v7e-m+fp/hard/libc_nano.a(lib_a-lnumeric.o)
 .ARM.attributes
                0x0000000000000b83       0x34 /usr/lib/gcc/arm-none-eabi/9.2.1/../../../arm-none-eabi/lib/thumb/v7e-m+fp/hard/libc_nano.a(lib_a-locale.o)
 .ARM.attributes
                0x0000000000000bb7       0x34 /usr/lib/gcc/arm-none-eabi/9.2.1/../../../arm-none-eabi/lib/thumb/v7e-m+fp/hard/libc_nano.a(lib_a-makebuf.o)
 .ARM.attributes
                0x0000000000000beb       0x34 /usr/lib/gcc/arm-none-eabi/9.2.1/../../../arm-none-eabi/lib/thumb/v7e-m+fp/hard/libc_nano.a(lib_a-mbtowc_r.o)
 .ARM.attributes
                0x0000000000000c1f       0x34 /usr/lib/gcc/arm-none-eabi/9.2.1/../../../arm-none-eabi/lib/thumb/v7e-m+fp/hard/libc_nano.a(lib_a-mprec.o)
 .ARM.attributes
                0x0000000000000c53       0x34 /usr/lib/gcc/arm-none-eabi/9.2.1/../../../arm-none-eabi/lib/thumb/v7e-m+fp/hard/libc_nano.a(lib_a-nano-callocr.o)
 .ARM.attributes
                0x0000000000000c87       0x34 /usr/lib/gcc/arm-none-eabi/9.2.1/../../../arm-none-eabi/lib/thumb/v7e-m+fp/hard/libc_nano.a(lib_a-nano-freer.o)
 .ARM.attributes
                0x0000000000000cbb       0x34 /usr/lib/gcc/arm-none-eabi/9.2.1/../../../arm-none-eabi/lib/thumb/v7e-m+fp/hard/libc_nano.a(lib_a-nano-mallocr.o)
 .ARM.attributes
                0x0000000000000cef       0x34 /usr/lib/gcc/arm-none-eabi/9.2.1/../../../arm-none-eabi/lib/thumb/v7e-m+fp/hard/libc_nano.a(lib_a-nano-vfprintf.o)
 .ARM.attributes
                0x0000000000000d23       0x34 /usr/lib/gcc/arm-none-eabi/9.2.1/../../../arm-none-eabi/lib/thumb/v7e-m+fp/hard/libc_nano.a(lib_a-nano-vfprintf_i.o)
 .ARM.attributes
                0x0000000000000d57       0x34 /usr/lib/gcc/arm-none-eabi/9.2.1/../../../arm-none-eabi/lib/thumb/v7e-m+fp/hard/libc_nano.a(lib_a-s_nan.o)
 .ARM.attributes
                0x0000000000000d8b       0x34 /usr/lib/gcc/arm-none-eabi/9.2.1/../../../arm-none-eabi/lib/thumb/v7e-m+fp/hard/libc_nano.a(lib_a-sbrkr.o)
 .ARM.attributes
                0x0000000000000dbf       0x34 /usr/lib/gcc/arm-none-eabi/9.2.1/../../../arm-none-eabi/lib/thumb/v7e-m+fp/hard/libc_nano.a(lib_a-sf_nan.o)
 .ARM.attributes
                0x0000000000000df3       0x34 /usr/lib/gcc/arm-none-eabi/9.2.1/../../../arm-none-eabi/lib/thumb/v7e-m+fp/hard/libc_nano.a(lib_a-stdio.o)
 .ARM.attributes
                0x0000000000000e27       0x1c /usr/lib/gcc/arm-none-eabi/9.2.1/../../../arm-none-eabi/lib/thumb/v7e-m+fp/hard/libc_nano.a(lib_a-strlen.o)
 .ARM.attributes
                0x0000000000000e43       0x34 /usr/lib/gcc/arm-none-eabi/9.2.1/../../../arm-none-eabi/lib/thumb/v7e-m+fp/hard/libc_nano.a(lib_a-strncmp.o)
 .ARM.attributes
                0x0000000000000e77       0x34 /usr/lib/gcc/arm-none-eabi/9.2.1/../../../arm-none-eabi/lib/thumb/v7e-m+fp/hard/libc_nano.a(lib_a-wctomb_r.o)
 .ARM.attributes
                0x0000000000000eab       0x34 /usr/lib/gcc/arm-none-eabi/9.2.1/../../../arm-none-eabi/lib/thumb/v7e-m+fp/hard/libc_nano.a(lib_a-writer.o)
 .ARM.attributes
                0x0000000000000edf       0x34 /usr/lib/gcc/arm-none-eabi/9.2.1/../../../arm-none-eabi/lib/thumb/v7e-m+fp/hard/libc_nano.a(lib_a-assert.o)
 .ARM.attributes
                0x0000000000000f13       0x34 /usr/lib/gcc/arm-none-eabi/9.2.1/../../../arm-none-eabi/lib/thumb/v7e-m+fp/hard/libc_nano.a(lib_a-closer.o)
 .ARM.attributes
                0x0000000000000f47       0x34 /usr/lib/gcc/arm-none-eabi/9.2.1/../../../arm-none-eabi/lib/thumb/v7e-m+fp/hard/libc_nano.a(lib_a-fprintf.o)
 .ARM.attributes
                0x0000000000000f7b       0x34 /usr/lib/gcc/arm-none-eabi/9.2.1/../../../arm-none-eabi/lib/thumb/v7e-m+fp/hard/libc_nano.a(lib_a-fstatr.o)
 .ARM.attributes
                0x0000000000000faf       0x34 /usr/lib/gcc/arm-none-eabi/9.2.1/../../../arm-none-eabi/lib/thumb/v7e-m+fp/hard/libc_nano.a(lib_a-fvwrite.o)
 .ARM.attributes
                0x0000000000000fe3       0x34 /usr/lib/gcc/arm-none-eabi/9.2.1/../../../arm-none-eabi/lib/thumb/v7e-m+fp/hard/libc_nano.a(lib_a-isattyr.o)
 .ARM.attributes
                0x0000000000001017       0x34 /usr/lib/gcc/arm-none-eabi/9.2.1/../../../arm-none-eabi/lib/thumb/v7e-m+fp/hard/libc_nano.a(lib_a-lseekr.o)
 .ARM.attributes
                0x000000000000104b       0x34 /usr/lib/gcc/arm-none-eabi/9.2.1/../../../arm-none-eabi/lib/thumb/v7e-m+fp/hard/libc_nano.a(lib_a-malloc.o)
 .ARM.attributes
                0x000000000000107f       0x1c /usr/lib/gcc/arm-none-eabi/9.2.1/../../../arm-none-eabi/lib/thumb/v7e-m+fp/hard/libc_nano.a(lib_a-memchr.o)
 .ARM.attributes
                0x000000000000109b       0x34 /usr/lib/gcc/arm-none-eabi/9.2.1/../../../arm-none-eabi/lib/thumb/v7e-m+fp/hard/libc_nano.a(lib_a-memmove.o)
 .ARM.attributes
                0x00000000000010cf       0x34 /usr/lib/gcc/arm-none-eabi/9.2.1/../../../arm-none-eabi/lib/thumb/v7e-m+fp/hard/libc_nano.a(lib_a-mlock.o)
 .ARM.attributes
                0x0000000000001103       0x34 /usr/lib/gcc/arm-none-eabi/9.2.1/../../../arm-none-eabi/lib/thumb/v7e-m+fp/hard/libc_nano.a(lib_a-nano-reallocr.o)
 .ARM.attributes
                0x0000000000001137       0x34 /usr/lib/gcc/arm-none-eabi/9.2.1/../../../arm-none-eabi/lib/thumb/v7e-m+fp/hard/libc_nano.a(lib_a-readr.o)
 .ARM.attributes
                0x000000000000116b       0x34 /usr/lib/gcc/arm-none-eabi/9.2.1/../../../arm-none-eabi/lib/thumb/v7e-m+fp/hard/libc_nano.a(lib_a-reent.o)
 .ARM.attributes
                0x000000000000119f       0x34 /usr/lib/gcc/arm-none-eabi/9.2.1/../../../arm-none-eabi/lib/thumb/v7e-m+fp/hard/libc_nano.a(lib_a-abort.o)
 .ARM.attributes
                0x00000000000011d3       0x34 /usr/lib/gcc/arm-none-eabi/9.2.1/../../../arm-none-eabi/lib/thumb/v7e-m+fp/hard/libc_nano.a(lib_a-nano-msizer.o)
 .ARM.attributes
                0x0000000000001207       0x34 /usr/lib/gcc/arm-none-eabi/9.2.1/../../../arm-none-eabi/lib/thumb/v7e-m+fp/hard/libc_nano.a(lib_a-signal.o)
 .ARM.attributes
                0x000000000000123b       0x34 /usr/lib/gcc/arm-none-eabi/9.2.1/../../../arm-none-eabi/lib/thumb/v7e-m+fp/hard/libc_nano.a(lib_a-signalr.o)
 .ARM.attributes
                0x000000000000126f       0x34 /usr/lib/gcc/arm-none-eabi/9.2.1/../../../arm-none-eabi/lib/thumb/v7e-m+fp/hard/libm.a(lib_a-s_round.o)
 .ARM.attributes
                0x00000000000012a3       0x34 /usr/lib/gcc/arm-none-eabi/9.2.1/../../../arm-none-eabi/lib/thumb/v7e-m+fp/hard/libm.a(lib_a-sf_fmax.o)
 .ARM.attributes
                0x00000000000012d7       0x34 /usr/lib/gcc/arm-none-eabi/9.2.1/../../../arm-none-eabi/lib/thumb/v7e-m+fp/hard/libm.a(lib_a-sf_fmin.o)
 .ARM.attributes
                0x000000000000130b       0x34 /usr/lib/gcc/arm-none-eabi/9.2.1/../../../arm-none-eabi/lib/thumb/v7e-m+fp/hard/libm.a(lib_a-sf_fpclassify.o)
 .ARM.attributes
                0x000000000000133f       0x34 /usr/lib/gcc/arm-none-eabi/9.2.1/../../../arm-none-eabi/lib/thumb/v7e-m+fp/hard/libm.a(lib_a-w_exp.o)
 .ARM.attributes
                0x0000000000001373       0x34 /usr/lib/gcc/arm-none-eabi/9.2.1/../../../arm-none-eabi/lib/thumb/v7e-m+fp/hard/libm.a(lib_a-wf_fmod.o)
 .ARM.attributes
                0x00000000000013a7       0x34 /usr/lib/gcc/arm-none-eabi/9.2.1/../../../arm-none-eabi/lib/thumb/v7e-m+fp/hard/libm.a(lib_a-wf_sqrt.o)
 .ARM.attributes
                0x00000000000013db       0x34 /usr/lib/gcc/arm-none-eabi/9.2.1/../../../arm-none-eabi/lib/thumb/v7e-m+fp/hard/libm.a(lib_a-e_exp.o)
 .ARM.attributes
                0x000000000000140f       0x34 /usr/lib/gcc/arm-none-eabi/9.2.1/../../../arm-none-eabi/lib/thumb/v7e-m+fp/hard/libm.a(lib_a-ef_fmod.o)
 .ARM.attributes
                0x0000000000001443       0x34 /usr/lib/gcc/arm-none-eabi/9.2.1/../../../arm-none-eabi/lib/thumb/v7e-m+fp/hard/libm.a(lib_a-ef_sqrt.o)
 .ARM.attributes
                0x0000000000001477       0x34 /usr/lib/gcc/arm-none-eabi/9.2.1/../../../arm-none-eabi/lib/thumb/v7e-m+fp/hard/libm.a(lib_a-s_finite.o)
 .ARM.attributes
                0x00000000000014ab       0x32 /usr/lib/gcc/arm-none-eabi/9.2.1/../../../arm-none-eabi/lib/thumb/v7e-m+fp/hard/libm.a(lib_a-s_lib_ver.o)
 .ARM.attributes
                0x00000000000014dd       0x1e /usr/lib/gcc/arm-none-eabi/9.2.1/thumb/v7e-m+fp/hard/libgcc.a(_arm_addsubdf3.o)
 .ARM.attributes
                0x00000000000014fb       0x1e /usr/lib/gcc/arm-none-eabi/9.2.1/thumb/v7e-m+fp/hard/libgcc.a(_arm_muldivdf3.o)
 .ARM.attributes
                0x0000000000001519       0x1e /usr/lib/gcc/arm-none-eabi/9.2.1/thumb/v7e-m+fp/hard/libgcc.a(_arm_cmpdf2.o)
 .ARM.attributes
                0x0000000000001537       0x1e /usr/lib/gcc/arm-none-eabi/9.2.1/thumb/v7e-m+fp/hard/libgcc.a(_arm_unorddf2.o)
 .ARM.attributes
                0x0000000000001555       0x1e /usr/lib/gcc/arm-none-eabi/9.2.1/thumb/v7e-m+fp/hard/libgcc.a(_arm_fixdfsi.o)
 .ARM.attributes